Archive member included to satisfy reference by file (symbol)

libapp.a(main.c.obj)          (--whole-archive)
zephyr/libzephyr.a(isr_tables.c.obj)
                              (--whole-archive)
zephyr/libzephyr.a(soc.c.obj)
                              (--whole-archive)
zephyr/libzephyr.a(soc_pmc.c.obj)
                              (--whole-archive)
zephyr/libzephyr.a(soc_gpio.c.obj)
                              (--whole-archive)
zephyr/libzephyr.a(thread_entry.c.obj)
                              (--whole-archive)
zephyr/libzephyr.a(crc32_sw.c.obj)
                              (--whole-archive)
zephyr/libzephyr.a(crc16_sw.c.obj)
                              (--whole-archive)
zephyr/libzephyr.a(crc8_sw.c.obj)
                              (--whole-archive)
zephyr/libzephyr.a(mempool.c.obj)
                              (--whole-archive)
zephyr/libzephyr.a(rb.c.obj)  (--whole-archive)
zephyr/libzephyr.a(printk.c.obj)
                              (--whole-archive)
zephyr/libzephyr.a(configs.c.obj)
                              (--whole-archive)
zephyr/libzephyr.a(uart_console.c.obj)
                              (--whole-archive)
zephyr/libzephyr.a(wdt_sam.c.obj)
                              (--whole-archive)
zephyr/libzephyr.a(sys_clock_init.c.obj)
                              (--whole-archive)
zephyr/libzephyr.a(cortex_m_systick.c.obj)
                              (--whole-archive)
zephyr/arch/arm/core/libarch__arm__core.a(exc_exit.S.obj)
                              (--whole-archive)
zephyr/arch/arm/core/libarch__arm__core.a(irq_init.c.obj)
                              (--whole-archive)
zephyr/arch/arm/core/libarch__arm__core.a(swap.c.obj)
                              (--whole-archive)
zephyr/arch/arm/core/libarch__arm__core.a(swap_helper.S.obj)
                              (--whole-archive)
zephyr/arch/arm/core/libarch__arm__core.a(fault.c.obj)
                              (--whole-archive)
zephyr/arch/arm/core/libarch__arm__core.a(irq_manage.c.obj)
                              (--whole-archive)
zephyr/arch/arm/core/libarch__arm__core.a(thread.c.obj)
                              (--whole-archive)
zephyr/arch/arm/core/libarch__arm__core.a(cpu_idle.S.obj)
                              (--whole-archive)
zephyr/arch/arm/core/libarch__arm__core.a(fault_s.S.obj)
                              (--whole-archive)
zephyr/arch/arm/core/libarch__arm__core.a(fatal.c.obj)
                              (--whole-archive)
zephyr/arch/arm/core/libarch__arm__core.a(sys_fatal_error_handler.c.obj)
                              (--whole-archive)
zephyr/arch/arm/core/libarch__arm__core.a(thread_abort.c.obj)
                              (--whole-archive)
zephyr/arch/arm/core/libarch__arm__core.a(isr_wrapper.S.obj)
                              (--whole-archive)
zephyr/arch/arm/core/cortex_m/libarch__arm__core__cortex_m.a(vector_table.S.obj)
                              (--whole-archive)
zephyr/arch/arm/core/cortex_m/libarch__arm__core__cortex_m.a(reset.S.obj)
                              (--whole-archive)
zephyr/arch/arm/core/cortex_m/libarch__arm__core__cortex_m.a(nmi_on_reset.S.obj)
                              (--whole-archive)
zephyr/arch/arm/core/cortex_m/libarch__arm__core__cortex_m.a(prep_c.c.obj)
                              (--whole-archive)
zephyr/arch/arm/core/cortex_m/libarch__arm__core__cortex_m.a(scb.c.obj)
                              (--whole-archive)
zephyr/arch/arm/core/cortex_m/libarch__arm__core__cortex_m.a(nmi.c.obj)
                              (--whole-archive)
zephyr/arch/arm/core/cortex_m/libarch__arm__core__cortex_m.a(exc_manage.c.obj)
                              (--whole-archive)
zephyr/lib/libc/minimal/liblib__libc__minimal.a(atoi.c.obj)
                              (--whole-archive)
zephyr/lib/libc/minimal/liblib__libc__minimal.a(strtol.c.obj)
                              (--whole-archive)
zephyr/lib/libc/minimal/liblib__libc__minimal.a(strtoul.c.obj)
                              (--whole-archive)
zephyr/lib/libc/minimal/liblib__libc__minimal.a(malloc.c.obj)
                              (--whole-archive)
zephyr/lib/libc/minimal/liblib__libc__minimal.a(strncasecmp.c.obj)
                              (--whole-archive)
zephyr/lib/libc/minimal/liblib__libc__minimal.a(strstr.c.obj)
                              (--whole-archive)
zephyr/lib/libc/minimal/liblib__libc__minimal.a(string.c.obj)
                              (--whole-archive)
zephyr/lib/libc/minimal/liblib__libc__minimal.a(prf.c.obj)
                              (--whole-archive)
zephyr/lib/libc/minimal/liblib__libc__minimal.a(stdout_console.c.obj)
                              (--whole-archive)
zephyr/lib/libc/minimal/liblib__libc__minimal.a(sprintf.c.obj)
                              (--whole-archive)
zephyr/lib/libc/minimal/liblib__libc__minimal.a(fprintf.c.obj)
                              (--whole-archive)
zephyr/boards/boards/arm/cubestack_due/libboards__arm__cubestack_due.a(pinmux.c.obj)
[...]
Memory Configuration

Name             Origin             Length             Attributes
FLASH            0x0000000000080000 0x0000000000080000 xr
SRAM             0x0000000020070000 0x0000000000018000 xw
IDT_LIST         0x0000000020088000 0x0000000000000800 xw
*default*        0x0000000000000000 0xffffffffffffffff

Linker script and memory map

LOAD zephyr/CMakeFiles/kernel_elf.dir/misc/empty_file.c.obj
LOAD zephyr/CMakeFiles/kernel_elf.dir/isr_tables.c.obj
START GROUP
LOAD libapp.a
LOAD zephyr/libzephyr.a
LOAD zephyr/arch/arm/core/libarch__arm__core.a
LOAD zephyr/arch/arm/core/cortex_m/libarch__arm__core__cortex_m.a
LOAD zephyr/lib/libc/minimal/liblib__libc__minimal.a
LOAD zephyr/boards/boards/arm/cubestack_due/libboards__arm__cubestack_due.a
LOAD zephyr/drivers/gpio/libdrivers__gpio.a
LOAD zephyr/drivers/serial/libdrivers__serial.a
LOAD zephyr/kernel/libkernel.a
LOAD zephyr/CMakeFiles/offsets.dir/arch/arm/core/offsets/offsets.c.obj
END GROUP
LOAD /home/pchizek/zephyr-sdk/sysroots/armv5-zephyr-eabi/usr/lib/arm-zephyr-eabi/6.2.0/armv7-m/libgcc.a
                0x0000000000080000                _image_rom_start = 0x80000

text            0x0000000000080000     0x28e6
                0x0000000000000000                . = 0x0
                0x0000000000000000                _vector_start = .
 *(.exc_vector_table)
 *(.exc_vector_table.*)
 .exc_vector_table._vector_table_section
                0x0000000000080000       0x40 zephyr/arch/arm/core/cortex_m/libarch__arm__core__cortex_m.a(vector_table.S.obj)
                0x0000000000080000                _vector_table
 *(.gnu.linkonce.irq_vector_table)
 .gnu.linkonce.irq_vector_table
                0x0000000000080040       0xb4 zephyr/CMakeFiles/kernel_elf.dir/isr_tables.c.obj
                0x0000000000080040                _irq_vector_table
 *(.openocd_dbg)
 *(.openocd_dbg.*)
 *(.kinetis_flash_config)
 *(.kinetis_flash_config.*)
 *(.gnu.linkonce.sw_isr_table)
 .gnu.linkonce.sw_isr_table
                0x00000000000800f4      0x168 zephyr/CMakeFiles/kernel_elf.dir/isr_tables.c.obj
                0x00000000000800f4                _sw_isr_table
                0x000000000008025c                _vector_end = .
                0x000000000008025c                _image_text_start = .
 *(.text)
 *(.text.*)
 .text.uart_out
                0x000000000008025c       0x2c libapp.a(main.c.obj)
                0x000000000008025c                uart_out
 .text.blink    0x0000000000080288       0xb0 libapp.a(main.c.obj)
                0x0000000000080288                blink
 .text.blink1   0x0000000000080338       0x14 libapp.a(main.c.obj)
                0x0000000000080338                blink1
 .text.blink2   0x000000000008034c       0x14 libapp.a(main.c.obj)
                0x000000000008034c                blink2
 .text.atmel_sam3x_init
                0x0000000000080360       0xa4 zephyr/libzephyr.a(soc.c.obj)
 .text.soc_pmc_peripheral_enable
                0x0000000000080404       0x48 zephyr/libzephyr.a(soc_pmc.c.obj)
                0x0000000000080404                soc_pmc_peripheral_enable
 .text.soc_gpio_configure
                0x000000000008044c       0xd4 zephyr/libzephyr.a(soc_gpio.c.obj)
                0x000000000008044c                soc_gpio_configure
 .text._thread_entry
                0x0000000000080520       0x14 zephyr/libzephyr.a(thread_entry.c.obj)
                0x0000000000080520                _thread_entry
 .text.get_bit_ptr
                0x0000000000080534       0x2c zephyr/libzephyr.a(mempool.c.obj)
 .text.set_free_bit
                0x0000000000080560       0x1c zephyr/libzephyr.a(mempool.c.obj)
 .text.clear_free_bit
                0x000000000008057c       0x1e zephyr/libzephyr.a(mempool.c.obj)
 .text._sys_mem_pool_base_init
                0x000000000008059a       0x98 zephyr/libzephyr.a(mempool.c.obj)
                0x000000000008059a                _sys_mem_pool_base_init
 .text._sys_mem_pool_block_alloc
                0x0000000000080632      0x164 zephyr/libzephyr.a(mempool.c.obj)
                0x0000000000080632                _sys_mem_pool_block_alloc
 .text._sys_mem_pool_block_free
                0x0000000000080796      0x116 zephyr/libzephyr.a(mempool.c.obj)
                0x0000000000080796                _sys_mem_pool_block_free
 .text._nop_char_out
                0x00000000000808ac        0x4 zephyr/libzephyr.a(printk.c.obj)
 .text.char_out
                0x00000000000808b0       0x10 zephyr/libzephyr.a(printk.c.obj)
 .text._printk_dec_ulong
                0x00000000000808c0       0x9c zephyr/libzephyr.a(printk.c.obj)
 .text.__printk_hook_install
                0x000000000008095c        0xc zephyr/libzephyr.a(printk.c.obj)
                0x000000000008095c                __printk_hook_install
 .text._vprintk
                0x0000000000080968      0x25c zephyr/libzephyr.a(printk.c.obj)
                0x0000000000080968                _vprintk
 .text.vprintk  0x0000000000080bc4       0x20 zephyr/libzephyr.a(printk.c.obj)
                0x0000000000080bc4                vprintk
 .text.printk   0x0000000000080be4       0x1a zephyr/libzephyr.a(printk.c.obj)
                0x0000000000080be4                printk
 .text._ConfigAbsSyms
                0x0000000000080bfe        0x2 zephyr/libzephyr.a(configs.c.obj)
                0x0000000000080bfe                _ConfigAbsSyms
 .text.console_out
                0x0000000000080c00       0x28 zephyr/libzephyr.a(uart_console.c.obj)
 .text.uart_console_hook_install
                0x0000000000080c28        0xc zephyr/libzephyr.a(uart_console.c.obj)
                0x0000000000080c28                uart_console_hook_install
 .text.uart_console_init
                0x0000000000080c34       0x1c zephyr/libzephyr.a(uart_console.c.obj)
 .text.wdt_sam_disable
                0x0000000000080c50       0x12 zephyr/libzephyr.a(wdt_sam.c.obj)
 .text.wdt_sam_set_config
                0x0000000000080c62        0x6 zephyr/libzephyr.a(wdt_sam.c.obj)
 .text.wdt_sam_get_config
                0x0000000000080c68        0x2 zephyr/libzephyr.a(wdt_sam.c.obj)
 .text.wdt_sam_reload
                0x0000000000080c6a        0x2 zephyr/libzephyr.a(wdt_sam.c.obj)
 .text.wdt_sam_init
                0x0000000000080c6c        0xa zephyr/libzephyr.a(wdt_sam.c.obj)
 .text.wdt_sam_enable
                0x0000000000080c76        0x2 zephyr/libzephyr.a(wdt_sam.c.obj)
 .text._timer_int_handler
                0x0000000000080c78       0x2c zephyr/libzephyr.a(cortex_m_systick.c.obj)
                0x0000000000080c78                _timer_int_handler
 .text._sys_clock_driver_init
                0x0000000000080ca4       0x58 zephyr/libzephyr.a(cortex_m_systick.c.obj)
                0x0000000000080ca4                _sys_clock_driver_init
 .text._HandlerModeExit
                0x0000000000080cfc       0x28 zephyr/arch/arm/core/libarch__arm__core.a(exc_exit.S.obj)
                0x0000000000080cfc                _ExcExit
                0x0000000000080cfc                _IntExit
 .text._IntLibInit
                0x0000000000080d24       0x18 zephyr/arch/arm/core/libarch__arm__core.a(irq_init.c.obj)
                0x0000000000080d24                _IntLibInit
 .text.__swap   0x0000000000080d3c       0x30 zephyr/arch/arm/core/libarch__arm__core.a(swap.c.obj)
                0x0000000000080d3c                __swap
 .text.__pendsv
                0x0000000000080d6c       0x44 zephyr/arch/arm/core/libarch__arm__core.a(swap_helper.S.obj)
                0x0000000000080d6c                __pendsv
 .text.__svc    0x0000000000080db0       0x24 zephyr/arch/arm/core/libarch__arm__core.a(swap_helper.S.obj)
                0x0000000000080db0                __svc
 .text._MpuFault.isra.2
                0x0000000000080dd4       0x78 zephyr/arch/arm/core/libarch__arm__core.a(fault.c.obj)
 .text._BusFault.isra.3
                0x0000000000080e4c       0x88 zephyr/arch/arm/core/libarch__arm__core.a(fault.c.obj)
 .text._UsageFault.isra.5
                0x0000000000080ed4       0x88 zephyr/arch/arm/core/libarch__arm__core.a(fault.c.obj)
 .text._Fault   0x0000000000080f5c       0xcc zephyr/arch/arm/core/libarch__arm__core.a(fault.c.obj)
                0x0000000000080f5c                _Fault
 .text._FaultInit
                0x0000000000081028       0x10 zephyr/arch/arm/core/libarch__arm__core.a(fault.c.obj)
                0x0000000000081028                _FaultInit
 .text._arch_irq_enable
                0x0000000000081038       0x20 zephyr/arch/arm/core/libarch__arm__core.a(irq_manage.c.obj)
                0x0000000000081038                _arch_irq_enable
 .text._irq_priority_set
                0x0000000000081058       0x5c zephyr/arch/arm/core/libarch__arm__core.a(irq_manage.c.obj)
                0x0000000000081058                _irq_priority_set
 .text._irq_spurious
                0x00000000000810b4        0x4 zephyr/arch/arm/core/libarch__arm__core.a(irq_manage.c.obj)
                0x00000000000810b4                _irq_spurious
 .text._new_thread
                0x00000000000810b8       0x94 zephyr/arch/arm/core/libarch__arm__core.a(thread.c.obj)
                0x00000000000810b8                _new_thread
 .text._CpuIdleInit
                0x000000000008114c        0xc zephyr/arch/arm/core/libarch__arm__core.a(cpu_idle.S.obj)
                0x000000000008114c                _CpuIdleInit
 .text.k_cpu_idle
                0x0000000000081158        0xc zephyr/arch/arm/core/libarch__arm__core.a(cpu_idle.S.obj)
                0x0000000000081158                k_cpu_idle
 .text.__fault  0x0000000000081164       0x28 zephyr/arch/arm/core/libarch__arm__core.a(fault_s.S.obj)
                0x0000000000081164                __usage_fault
                0x0000000000081164                __reserved
                0x0000000000081164                __bus_fault
                0x0000000000081164                __debug_monitor
                0x0000000000081164                __mpu_fault
                0x0000000000081164                __hard_fault
 .text._NanoFatalErrorHandler
                0x000000000008118c       0x64 zephyr/arch/arm/core/libarch__arm__core.a(fatal.c.obj)
                0x000000000008118c                _NanoFatalErrorHandler
 .text._do_kernel_oops
                0x00000000000811f0        0x8 zephyr/arch/arm/core/libarch__arm__core.a(fatal.c.obj)
                0x00000000000811f0                _do_kernel_oops
 .text._SysFatalErrorHandler
                0x00000000000811f8       0x58 zephyr/arch/arm/core/libarch__arm__core.a(sys_fatal_error_handler.c.obj)
                0x00000000000811f8                _SysFatalErrorHandler
 .text._impl_k_thread_abort
                0x0000000000081250       0x74 zephyr/arch/arm/core/libarch__arm__core.a(thread_abort.c.obj)
                0x0000000000081250                _impl_k_thread_abort
 .text._isr_wrapper
                0x00000000000812c4       0x24 zephyr/arch/arm/core/libarch__arm__core.a(isr_wrapper.S.obj)
                0x00000000000812c4                _isr_wrapper
 .text._reset_section
                0x00000000000812e8       0x24 zephyr/arch/arm/core/cortex_m/libarch__arm__core__cortex_m.a(reset.S.obj)
                0x00000000000812e8                __reset
                0x00000000000812e8                __start
 .text._SysNmiOnReset
                0x000000000008130c        0x8 zephyr/arch/arm/core/cortex_m/libarch__arm__core__cortex_m.a(nmi_on_reset.S.obj)
                0x000000000008130c                _SysNmiOnReset
 .text._PrepC   0x0000000000081314       0x2c zephyr/arch/arm/core/cortex_m/libarch__arm__core__cortex_m.a(prep_c.c.obj)
                0x0000000000081314                _PrepC
 .text.__nmi    0x0000000000081340        0xe zephyr/arch/arm/core/cortex_m/libarch__arm__core__cortex_m.a(nmi.c.obj)
                0x0000000000081340                __nmi
 .text.strcmp   0x000000000008134e       0x1a zephyr/lib/libc/minimal/liblib__libc__minimal.a(string.c.obj)
                0x000000000008134e                strcmp
 .text.memcpy   0x0000000000081368       0x58 zephyr/lib/libc/minimal/liblib__libc__minimal.a(string.c.obj)
                0x0000000000081368                memcpy
 .text.memset   0x00000000000813c0       0x46 zephyr/lib/libc/minimal/liblib__libc__minimal.a(string.c.obj)
                0x00000000000813c0                memset
 *fill*         0x0000000000081406        0x2 
 .text.pinmux_init
                0x0000000000081408      0x128 zephyr/boards/boards/arm/cubestack_due/libboards__arm__cubestack_due.a(pinmux.c.obj)
 .text.gpio_sam3_write
                0x0000000000081530       0x36 zephyr/drivers/gpio/libdrivers__gpio.a(gpio_atmel_sam3.c.obj)
 .text.gpio_sam3_read
                0x0000000000081566       0x26 zephyr/drivers/gpio/libdrivers__gpio.a(gpio_atmel_sam3.c.obj)
 .text.gpio_sam3_enable_callback
                0x000000000008158c       0x28 zephyr/drivers/gpio/libdrivers__gpio.a(gpio_atmel_sam3.c.obj)
 .text.gpio_sam3_disable_callback
                0x00000000000815b4       0x28 zephyr/drivers/gpio/libdrivers__gpio.a(gpio_atmel_sam3.c.obj)
 .text.gpio_sam3_init
                0x00000000000815dc        0xe zephyr/drivers/gpio/libdrivers__gpio.a(gpio_atmel_sam3.c.obj)
 *fill*         0x00000000000815ea        0x2 
 .text.gpio_sam3_config_a
                0x00000000000815ec       0x24 zephyr/drivers/gpio/libdrivers__gpio.a(gpio_atmel_sam3.c.obj)
 .text.gpio_sam3_config_b
                0x0000000000081610       0x24 zephyr/drivers/gpio/libdrivers__gpio.a(gpio_atmel_sam3.c.obj)
 .text.gpio_sam3_config_c
                0x0000000000081634       0x24 zephyr/drivers/gpio/libdrivers__gpio.a(gpio_atmel_sam3.c.obj)
 .text.gpio_sam3_config_d
                0x0000000000081658       0x24 zephyr/drivers/gpio/libdrivers__gpio.a(gpio_atmel_sam3.c.obj)
 .text.gpio_sam3_isr
                0x000000000008167c       0x50 zephyr/drivers/gpio/libdrivers__gpio.a(gpio_atmel_sam3.c.obj)
 .text.gpio_sam3_manage_callback
                0x00000000000816cc       0x8c zephyr/drivers/gpio/libdrivers__gpio.a(gpio_atmel_sam3.c.obj)
 .text._config.isra.4
                0x0000000000081758       0x56 zephyr/drivers/gpio/libdrivers__gpio.a(gpio_atmel_sam3.c.obj)
 .text.gpio_sam3_config
                0x00000000000817ae       0x30 zephyr/drivers/gpio/libdrivers__gpio.a(gpio_atmel_sam3.c.obj)
 .text.uart_sam_poll_in
                0x00000000000817de       0x18 zephyr/drivers/serial/libdrivers__serial.a(uart_sam.c.obj)
 .text.uart_sam_poll_out
                0x00000000000817f6       0x12 zephyr/drivers/serial/libdrivers__serial.a(uart_sam.c.obj)
 .text.uart_sam_err_check
                0x0000000000081808       0x22 zephyr/drivers/serial/libdrivers__serial.a(uart_sam.c.obj)
 *fill*         0x000000000008182a        0x2 
 .text.uart_sam_init
                0x000000000008182c       0x9c zephyr/drivers/serial/libdrivers__serial.a(uart_sam.c.obj)
 .text._sys_device_do_config_level
                0x00000000000818c8       0x28 zephyr/kernel/libkernel.a(device.c.obj)
                0x00000000000818c8                _sys_device_do_config_level
 .text.device_get_binding
                0x00000000000818f0       0x4c zephyr/kernel/libkernel.a(device.c.obj)
                0x00000000000818f0                device_get_binding
 .text.idle     0x000000000008193c       0x14 zephyr/kernel/libkernel.a(idle.c.obj)
                0x000000000008193c                idle
 .text._bss_zero
                0x0000000000081950       0x14 zephyr/kernel/libkernel.a(init.c.obj)
                0x0000000000081950                _bss_zero
 .text._data_copy
                0x0000000000081964       0x18 zephyr/kernel/libkernel.a(init.c.obj)
                0x0000000000081964                _data_copy
 .text.main     0x000000000008197c        0x2 zephyr/kernel/libkernel.a(init.c.obj)
                0x000000000008197c                main
 *fill*         0x000000000008197e        0x2 
 .text.bg_thread_main
                0x0000000000081980       0x30 zephyr/kernel/libkernel.a(init.c.obj)
 .text._Cstart  0x00000000000819b0       0xfc zephyr/kernel/libkernel.a(init.c.obj)
                0x00000000000819b0                _Cstart
 .text.init_static_pools
                0x0000000000081aac       0x28 zephyr/kernel/libkernel.a(mempool.c.obj)
                0x0000000000081aac                init_static_pools
 .text.k_mem_pool_alloc
                0x0000000000081ad4       0xf8 zephyr/kernel/libkernel.a(mempool.c.obj)
                0x0000000000081ad4                k_mem_pool_alloc
 .text.k_mem_pool_free_id
                0x0000000000081bcc       0x5c zephyr/kernel/libkernel.a(mempool.c.obj)
                0x0000000000081bcc                k_mem_pool_free_id
 .text.k_mem_pool_malloc
                0x0000000000081c28       0x2a zephyr/kernel/libkernel.a(mempool.c.obj)
                0x0000000000081c28                k_mem_pool_malloc
 .text.k_free   0x0000000000081c52        0xa zephyr/kernel/libkernel.a(mempool.c.obj)
                0x0000000000081c52                k_free
 .text.k_malloc
                0x0000000000081c5c        0xc zephyr/kernel/libkernel.a(mempool.c.obj)
                0x0000000000081c5c                k_malloc
 .text.z_thread_malloc
                0x0000000000081c68       0x14 zephyr/kernel/libkernel.a(mempool.c.obj)
                0x0000000000081c68                z_thread_malloc
 .text._ready_thread
                0x0000000000081c7c       0x12 zephyr/kernel/libkernel.a(queue.c.obj)
 .text.queue_insert
                0x0000000000081c8e       0xb0 zephyr/kernel/libkernel.a(queue.c.obj)
 .text.z_queue_node_peek
                0x0000000000081d3e       0x18 zephyr/kernel/libkernel.a(queue.c.obj)
                0x0000000000081d3e                z_queue_node_peek
 .text.k_queue_append
                0x0000000000081d56        0xa zephyr/kernel/libkernel.a(queue.c.obj)
                0x0000000000081d56                k_queue_append
 .text._impl_k_queue_get
                0x0000000000081d60       0x58 zephyr/kernel/libkernel.a(queue.c.obj)
                0x0000000000081d60                _impl_k_queue_get
 .text._abort_timeout
                0x0000000000081db8       0x34 zephyr/kernel/libkernel.a(sched.c.obj)
 .text.k_spin_lock.isra.11
                0x0000000000081dec        0xe zephyr/kernel/libkernel.a(sched.c.obj)
 *fill*         0x0000000000081dfa        0x2 
 .text.update_cache
                0x0000000000081dfc       0x40 zephyr/kernel/libkernel.a(sched.c.obj)
 .text._find_first_thread_to_unpend
                0x0000000000081e3c       0x18 zephyr/kernel/libkernel.a(sched.c.obj)
                0x0000000000081e3c                _find_first_thread_to_unpend
 .text._reschedule
                0x0000000000081e54       0x3c zephyr/kernel/libkernel.a(sched.c.obj)
                0x0000000000081e54                _reschedule
 .text.k_sched_unlock
                0x0000000000081e90       0x90 zephyr/kernel/libkernel.a(sched.c.obj)
                0x0000000000081e90                k_sched_unlock
 .text._priq_dumb_add
                0x0000000000081f20       0x74 zephyr/kernel/libkernel.a(sched.c.obj)
                0x0000000000081f20                _priq_dumb_add
 .text._add_thread_to_ready_q
                0x0000000000081f94       0x2c zephyr/kernel/libkernel.a(sched.c.obj)
                0x0000000000081f94                _add_thread_to_ready_q
 .text._ready_thread
                0x0000000000081fc0       0x12 zephyr/kernel/libkernel.a(sched.c.obj)
 *fill*         0x0000000000081fd2        0x2 
 .text._priq_dumb_remove
                0x0000000000081fd4       0x40 zephyr/kernel/libkernel.a(sched.c.obj)
                0x0000000000081fd4                _priq_dumb_remove
 .text._unpend_thread_no_timeout
                0x0000000000082014       0x20 zephyr/kernel/libkernel.a(sched.c.obj)
                0x0000000000082014                _unpend_thread_no_timeout
 .text._add_timeout
                0x0000000000082034       0xc0 zephyr/kernel/libkernel.a(sched.c.obj)
 .text._unpend_thread
                0x00000000000820f4       0x14 zephyr/kernel/libkernel.a(sched.c.obj)
                0x00000000000820f4                _unpend_thread
 .text._unpend_first_thread
                0x0000000000082108       0x1c zephyr/kernel/libkernel.a(sched.c.obj)
                0x0000000000082108                _unpend_first_thread
 .text._move_thread_to_end_of_prio_q
                0x0000000000082124       0x34 zephyr/kernel/libkernel.a(sched.c.obj)
                0x0000000000082124                _move_thread_to_end_of_prio_q
 .text._remove_thread_from_ready_q
                0x0000000000082158       0x3c zephyr/kernel/libkernel.a(sched.c.obj)
                0x0000000000082158                _remove_thread_from_ready_q
 .text.pend     0x0000000000082194       0x4e zephyr/kernel/libkernel.a(sched.c.obj)
 *fill*         0x00000000000821e2        0x2 
 .text._pend_current_thread
                0x00000000000821e4       0x24 zephyr/kernel/libkernel.a(sched.c.obj)
                0x00000000000821e4                _pend_current_thread
 .text._is_thread_time_slicing
                0x0000000000082208       0x88 zephyr/kernel/libkernel.a(sched.c.obj)
                0x0000000000082208                _is_thread_time_slicing
 .text._update_time_slice_before_swap
                0x0000000000082290        0xc zephyr/kernel/libkernel.a(sched.c.obj)
                0x0000000000082290                _update_time_slice_before_swap
 .text._unpend_all
                0x000000000008229c       0x20 zephyr/kernel/libkernel.a(sched.c.obj)
                0x000000000008229c                _unpend_all
 .text._sched_init
                0x00000000000822bc       0x10 zephyr/kernel/libkernel.a(sched.c.obj)
                0x00000000000822bc                _sched_init
 .text._impl_k_yield
                0x00000000000822cc       0xa0 zephyr/kernel/libkernel.a(sched.c.obj)
                0x00000000000822cc                _impl_k_yield
 .text._impl_k_sleep
                0x000000000008236c       0xac zephyr/kernel/libkernel.a(sched.c.obj)
                0x000000000008236c                _impl_k_sleep
 .text._impl_k_current_get
                0x0000000000082418        0xc zephyr/kernel/libkernel.a(sched.c.obj)
                0x0000000000082418                _impl_k_current_get
 .text._tick_get
                0x0000000000082424       0x1c zephyr/kernel/libkernel.a(sys_clock.c.obj)
                0x0000000000082424                sys_tick_get
                0x0000000000082424                _tick_get
 .text._nano_sys_clock_tick_announce
                0x0000000000082440      0x1b0 zephyr/kernel/libkernel.a(sys_clock.c.obj)
                0x0000000000082440                _nano_sys_clock_tick_announce
 .text._abort_timeout
                0x00000000000825f0       0x34 zephyr/kernel/libkernel.a(thread.c.obj)
 .text._ready_thread
                0x0000000000082624       0x12 zephyr/kernel/libkernel.a(thread.c.obj)
 *fill*         0x0000000000082636        0x2 
 .text.schedule_new_thread.part.11
                0x0000000000082638       0xd8 zephyr/kernel/libkernel.a(thread.c.obj)
 .text.k_is_in_isr
                0x0000000000082710       0x20 zephyr/kernel/libkernel.a(thread.c.obj)
                0x0000000000082710                k_is_in_isr
 .text._is_thread_essential
                0x0000000000082730       0x10 zephyr/kernel/libkernel.a(thread.c.obj)
                0x0000000000082730                _is_thread_essential
 .text._impl_k_thread_start
                0x0000000000082740       0x2e zephyr/kernel/libkernel.a(thread.c.obj)
                0x0000000000082740                _impl_k_thread_start
 *fill*         0x000000000008276e        0x2 
 .text._setup_new_thread
                0x0000000000082770       0x34 zephyr/kernel/libkernel.a(thread.c.obj)
                0x0000000000082770                _setup_new_thread
 .text._k_thread_single_abort
                0x00000000000827a4       0x40 zephyr/kernel/libkernel.a(thread.c.obj)
                0x00000000000827a4                _k_thread_single_abort
 .text._init_static_threads
                0x00000000000827e4       0xe8 zephyr/kernel/libkernel.a(thread.c.obj)
                0x00000000000827e4                _init_static_threads
 .text._init_thread_base
                0x00000000000828cc       0x18 zephyr/kernel/libkernel.a(thread.c.obj)
                0x00000000000828cc                _init_thread_base
 .text._OffsetAbsSyms
                0x00000000000828e4        0x2 zephyr/CMakeFiles/offsets.dir/arch/arm/core/offsets/offsets.c.obj
                0x00000000000828e4                _OffsetAbsSyms
 *(.gnu.linkonce.t.*)
                0x00000000000828e6                _image_text_end = .

.glue_7         0x00000000000828e8        0x0
 .glue_7        0x00000000000828e8        0x0 linker stubs

.glue_7t        0x00000000000828e8        0x0
 .glue_7t       0x00000000000828e8        0x0 linker stubs

.vfp11_veneer   0x00000000000828e8        0x0
 .vfp11_veneer  0x00000000000828e8        0x0 linker stubs

.v4_bx          0x00000000000828e8        0x0
 .v4_bx         0x00000000000828e8        0x0 linker stubs

.iplt           0x00000000000828e8        0x0
 .iplt          0x00000000000828e8        0x0 zephyr/CMakeFiles/kernel_elf.dir/isr_tables.c.obj

.igot.plt       0x00000000000828e8        0x0
 .igot.plt      0x00000000000828e8        0x0 zephyr/CMakeFiles/kernel_elf.dir/isr_tables.c.obj

.ARM.exidx      0x00000000000828e6        0x0
                0x00000000000828e6                __exidx_start = .
 *(.ARM.exidx* gnu.linkonce.armexidx.*)
                0x00000000000828e6                __exidx_end = .
                0x00000000000828e6                _image_rodata_start = .

devconfig       0x00000000000828e8       0x84
                0x00000000000828e8                __devconfig_start = .
 *(.devconfig.*)
 .devconfig.init
                0x00000000000828e8        0xc zephyr/libzephyr.a(soc.c.obj)
 .devconfig.init
                0x00000000000828f4        0xc zephyr/libzephyr.a(uart_console.c.obj)
 .devconfig.init
                0x0000000000082900        0xc zephyr/libzephyr.a(wdt_sam.c.obj)
 .devconfig.init
                0x000000000008290c        0xc zephyr/libzephyr.a(sys_clock_init.c.obj)
 .devconfig.init
                0x0000000000082918        0xc zephyr/boards/boards/arm/cubestack_due/libboards__arm__cubestack_due.a(pinmux.c.obj)
 .devconfig.init
                0x0000000000082924       0x30 zephyr/drivers/gpio/libdrivers__gpio.a(gpio_atmel_sam3.c.obj)
 .devconfig.init
                0x0000000000082954        0xc zephyr/drivers/serial/libdrivers__serial.a(uart_sam.c.obj)
 .devconfig.init
                0x0000000000082960        0xc zephyr/kernel/libkernel.a(mempool.c.obj)
 *(SORT(.devconfig*))
                0x000000000008296c                __devconfig_end = .

net_l2          0x000000000008296c        0x0
                0x000000000008296c                __net_l2_start = .
 *(.net_l2.init)
 *(SORT(.net_l2.init*))
                0x000000000008296c                __net_l2_end = .

log_const_sections
                0x000000000008296c        0x0
                0x000000000008296c                __log_const_start = .
 *(SORT(.log_const_*))
                0x000000000008296c                __log_const_end = .

log_backends_sections
                0x000000000008296c        0x0
                0x000000000008296c                __log_backends_start = .
 *(.log_backends)
                0x000000000008296c                __log_backends_end = .

rodata          0x000000000008296c      0xb80
 *(.rodata)
 *(.rodata.*)
 .rodata.blink.str1.1
                0x000000000008296c       0x55 libapp.a(main.c.obj)
                                         0x56 (size before relaxing)
 .rodata.blink1.str1.1
                0x00000000000829c1        0x5 libapp.a(main.c.obj)
 .rodata.blink2.str1.1
                0x00000000000829c6        0x5 libapp.a(main.c.obj)
 .rodata.uart_out.str1.1
                0x00000000000829cb       0x20 libapp.a(main.c.obj)
 .rodata.str1.1
                0x00000000000829eb        0x1 zephyr/libzephyr.a(soc.c.obj)
 .rodata.soc_pmc_peripheral_enable.str1.1
                0x00000000000829eb       0x5d zephyr/libzephyr.a(soc_pmc.c.obj)
                                         0x7c (size before relaxing)
 .rodata.soc_gpio_configure.str1.1
                0x0000000000082a48       0x6e zephyr/libzephyr.a(soc_gpio.c.obj)
                                         0x8f (size before relaxing)
 .rodata.str1.1
                0x0000000000082ab6        0x1 zephyr/libzephyr.a(uart_console.c.obj)
 .rodata.uart_console_init.str1.1
                0x0000000000082ab6        0x7 zephyr/libzephyr.a(uart_console.c.obj)
 .rodata.str1.1
                0x0000000000082abd        0xb zephyr/libzephyr.a(wdt_sam.c.obj)
 .rodata.wdt_sam_api
                0x0000000000082ac8       0x20 zephyr/libzephyr.a(wdt_sam.c.obj)
 .rodata.wdt_sam_config
                0x0000000000082ae8        0x4 zephyr/libzephyr.a(wdt_sam.c.obj)
 .rodata.str1.1
                0x0000000000082aec        0xa zephyr/libzephyr.a(sys_clock_init.c.obj)
 .rodata._sys_clock_driver_init.str1.1
                0x0000000000082af6       0x87 zephyr/libzephyr.a(cortex_m_systick.c.obj)
                                         0xa6 (size before relaxing)
 .rodata._BusFault.isra.3.str1.1
                0x0000000000082b7d       0x7c zephyr/arch/arm/core/libarch__arm__core.a(fault.c.obj)
 .rodata._Fault.str1.1
                0x0000000000082bf9       0xd3 zephyr/arch/arm/core/libarch__arm__core.a(fault.c.obj)
 .rodata._MpuFault.isra.2.str1.1
                0x0000000000082ccc       0x8d zephyr/arch/arm/core/libarch__arm__core.a(fault.c.obj)
 .rodata._UsageFault.isra.5.str1.1
                0x0000000000082d59       0xd4 zephyr/arch/arm/core/libarch__arm__core.a(fault.c.obj)
 .rodata._irq_priority_set.str1.1
                0x0000000000082e2d       0x79 zephyr/arch/arm/core/libarch__arm__core.a(irq_manage.c.obj)
                                         0x98 (size before relaxing)
 .rodata._new_thread.str1.1
                0x0000000000082ea6       0xf7 zephyr/arch/arm/core/libarch__arm__core.a(thread.c.obj)
                                        0x116 (size before relaxing)
 .rodata._NanoFatalErrorHandler.str1.1
                0x0000000000082f9d       0xda zephyr/arch/arm/core/libarch__arm__core.a(fatal.c.obj)
 .rodata._SysFatalErrorHandler.str1.1
                0x0000000000083077       0x5a zephyr/arch/arm/core/libarch__arm__core.a(sys_fatal_error_handler.c.obj)
 .rodata._impl_k_thread_abort.str1.1
                0x00000000000830d1       0x73 zephyr/arch/arm/core/libarch__arm__core.a(thread_abort.c.obj)
                                         0x92 (size before relaxing)
 .rodata.str1.1
                0x0000000000083144        0x1 zephyr/boards/boards/arm/cubestack_due/libboards__arm__cubestack_due.a(pinmux.c.obj)
 .rodata.gpio_sam3_a_cfg
                0x0000000000083144        0x8 zephyr/drivers/gpio/libdrivers__gpio.a(gpio_atmel_sam3.c.obj)
 .rodata.gpio_sam3_b_cfg
                0x000000000008314c        0x8 zephyr/drivers/gpio/libdrivers__gpio.a(gpio_atmel_sam3.c.obj)
 .rodata.gpio_sam3_c_cfg
                0x0000000000083154        0x8 zephyr/drivers/gpio/libdrivers__gpio.a(gpio_atmel_sam3.c.obj)
 .rodata.gpio_sam3_d_cfg
                0x000000000008315c        0x8 zephyr/drivers/gpio/libdrivers__gpio.a(gpio_atmel_sam3.c.obj)
 .rodata.gpio_sam3_drv_api_funcs
                0x0000000000083164       0x1c zephyr/drivers/gpio/libdrivers__gpio.a(gpio_atmel_sam3.c.obj)
 .rodata.gpio_sam3_isr.str1.1
                0x0000000000083180       0x50 zephyr/drivers/gpio/libdrivers__gpio.a(gpio_atmel_sam3.c.obj)
                                         0x6f (size before relaxing)
 .rodata.gpio_sam3_manage_callback.str1.1
                0x00000000000831d0       0x28 zephyr/drivers/gpio/libdrivers__gpio.a(gpio_atmel_sam3.c.obj)
 .rodata.str1.1
                0x00000000000831f8        0xa zephyr/drivers/gpio/libdrivers__gpio.a(gpio_atmel_sam3.c.obj)
                                         0x14 (size before relaxing)
 .rodata.str1.1
                0x0000000000083202        0x7 zephyr/drivers/serial/libdrivers__serial.a(uart_sam.c.obj)
 *fill*         0x0000000000083202        0x2 
 .rodata.uart0_sam_config
                0x0000000000083204       0x28 zephyr/drivers/serial/libdrivers__serial.a(uart_sam.c.obj)
 .rodata.uart_sam_driver_api
                0x000000000008322c        0xc zephyr/drivers/serial/libdrivers__serial.a(uart_sam.c.obj)
 .rodata.uart_sam_init.str1.1
                0x0000000000083238       0xa1 zephyr/drivers/serial/libdrivers__serial.a(uart_sam.c.obj)
                                         0xc9 (size before relaxing)
 *fill*         0x00000000000832d9        0x3 
 .rodata.config_levels
                0x00000000000832dc       0x14 zephyr/kernel/libkernel.a(device.c.obj)
 .rodata._k_neg_eagain
                0x00000000000832f0        0x4 zephyr/kernel/libkernel.a(errno.c.obj)
                0x00000000000832f0                _k_neg_eagain
 .rodata._idle_thread
                0x00000000000832f4        0x4 zephyr/kernel/libkernel.a(init.c.obj)
                0x00000000000832f4                _idle_thread
 .rodata.bg_thread_main.str1.1
                0x00000000000832f8       0x37 zephyr/kernel/libkernel.a(init.c.obj)
 .rodata.k_mem_pool_alloc.str1.1
                0x000000000008332f       0x44 zephyr/kernel/libkernel.a(mempool.c.obj)
                                         0x64 (size before relaxing)
 .rodata._add_timeout.str1.1
                0x0000000000083373       0x46 zephyr/kernel/libkernel.a(sched.c.obj)
 .rodata._impl_k_sleep.str1.1
                0x00000000000833b9       0x11 zephyr/kernel/libkernel.a(sched.c.obj)
 .rodata._is_thread_time_slicing.str1.1
                0x00000000000833ca       0x1a zephyr/kernel/libkernel.a(sched.c.obj)
 .rodata._priq_dumb_add.str1.1
                0x00000000000833e4       0x12 zephyr/kernel/libkernel.a(sched.c.obj)
 .rodata.k_sched_lock.str1.1
                0x00000000000833f6       0x61 zephyr/kernel/libkernel.a(sched.c.obj)
                                         0x81 (size before relaxing)
 .rodata.k_sched_unlock.str1.1
                0x0000000000083457       0x4c zephyr/kernel/libkernel.a(sched.c.obj)
 .rodata._impl_k_thread_create.str1.1
                0x00000000000834a3       0x48 zephyr/kernel/libkernel.a(thread.c.obj)
                                         0x54 (size before relaxing)
 .rodata._init_static_threads.str1.1
                0x00000000000834eb       0x55 zephyr/kernel/libkernel.a(thread.c.obj)
 .rodata.schedule_new_thread.part.11.str1.1
                0x00000000000834eb       0x66 zephyr/kernel/libkernel.a(thread.c.obj)
 *(.gnu.linkonce.r.*)
                0x0000000000083554                . = ALIGN (0x4)
 *fill*         0x00000000000834eb        0x1 
                0x00000000000834ec                _image_rodata_end = .
                0x00000000000834ec                _image_rom_end = .
                0x0000000000000020                _app_data_align = 0x20

.rel.dyn        0x00000000000834ec        0x0
 .rel.iplt      0x00000000000834ec        0x0 zephyr/CMakeFiles/kernel_elf.dir/isr_tables.c.obj
                0x0000000000083500                . = ALIGN (0x20)

app_smem        0x0000000020070000        0x0 load address 0x00000000000834ec
                0x0000000020070000                . = ALIGN (0x4)
                0x0000000020070000                _image_ram_start = .
                0x0000000020070000                _app_smem_start = .
 *(SORT(data_smem_[_a-zA-Z0-9]*))
                0x0000000020070000                _app_smem_end = .
                0x0000000000000000                _app_smem_size = (_app_smem_end - _app_smem_start)
                0x0000000020070000                . = ALIGN (0x4)
                0x00000000000834ec                _app_smem_rom_start = LOADADDR (app_smem)

bss             0x0000000020070000      0x388
                0x0000000020070000                . = ALIGN (0x4)
                0x0000000020070000                __bss_start = .
                0x0000000020070000                __kernel_ram_start = .
 *(.bss)
 *(.bss.*)
 .bss.uart_console_dev
                0x0000000020070000        0x4 zephyr/libzephyr.a(uart_console.c.obj)
 .bss.clock_accumulated_count
                0x0000000020070004        0x4 zephyr/libzephyr.a(cortex_m_systick.c.obj)
 .bss.gpio_sam3_a_runtime
                0x0000000020070008        0x8 zephyr/drivers/gpio/libdrivers__gpio.a(gpio_atmel_sam3.c.obj)
 .bss.gpio_sam3_b_runtime
                0x0000000020070010        0x8 zephyr/drivers/gpio/libdrivers__gpio.a(gpio_atmel_sam3.c.obj)
 .bss.gpio_sam3_c_runtime
                0x0000000020070018        0x8 zephyr/drivers/gpio/libdrivers__gpio.a(gpio_atmel_sam3.c.obj)
 .bss.gpio_sam3_d_runtime
                0x0000000020070020        0x8 zephyr/drivers/gpio/libdrivers__gpio.a(gpio_atmel_sam3.c.obj)
 .bss._idle_thread_s
                0x0000000020070028       0x68 zephyr/kernel/libkernel.a(init.c.obj)
 .bss._main_thread_s
                0x0000000020070090       0x68 zephyr/kernel/libkernel.a(init.c.obj)
 .bss._time_slice_duration
                0x00000000200700f8        0x4 zephyr/kernel/libkernel.a(sys_clock.c.obj)
                0x00000000200700f8                _time_slice_duration
 .bss._time_slice_prio_ceiling
                0x00000000200700fc        0x4 zephyr/kernel/libkernel.a(sys_clock.c.obj)
                0x00000000200700fc                _time_slice_prio_ceiling
 *(COMMON)
 COMMON         0x0000000020070100      0x138 libapp.a(main.c.obj)
                0x0000000020070100                _k_thread_obj_blink1_id
                0x0000000020070168                _k_thread_obj_blink2_id
                0x00000000200701d0                _k_thread_obj_uart_out_id
 COMMON         0x0000000020070238      0x118 zephyr/kernel/libkernel.a(mempool.c.obj)
                0x0000000020070238                _mpool_lvls__heap_mem_pool
                0x0000000020070250                _mpool_buf__heap_mem_pool
 COMMON         0x0000000020070350       0x28 zephyr/kernel/libkernel.a(sched.c.obj)
                0x0000000020070350                _kernel
 COMMON         0x0000000020070378       0x10 zephyr/kernel/libkernel.a(sys_clock.c.obj)
                0x0000000020070378                _handling_timeouts
                0x000000002007037c                _time_slice_elapsed
                0x0000000020070380                _sys_clock_tick_count
 *(.kernel_bss.*)
                0x0000000020070388                __bss_end = ALIGN (0x4)

noinit          0x0000000020070388     0x1900
 *(.noinit)
 *(.noinit.*)
 .noinit."../../src/main.c".0
                0x0000000020070388      0x400 libapp.a(main.c.obj)
                0x0000000020070388                _k_thread_stack_blink1_id
 .noinit."../../src/main.c".1
                0x0000000020070788      0x400 libapp.a(main.c.obj)
                0x0000000020070788                _k_thread_stack_blink2_id
 .noinit."../../src/main.c".2
                0x0000000020070b88      0x400 libapp.a(main.c.obj)
                0x0000000020070b88                _k_thread_stack_uart_out_id
 .noinit."/home/pchizek/zephyr/kernel/init.c".1
                0x0000000020070f88      0x400 zephyr/kernel/libkernel.a(init.c.obj)
                0x0000000020070f88                _main_stack
 .noinit."/home/pchizek/zephyr/kernel/init.c".2
                0x0000000020071388      0x100 zephyr/kernel/libkernel.a(init.c.obj)
                0x0000000020071388                _idle_stack
 .noinit."/home/pchizek/zephyr/kernel/init.c".3
                0x0000000020071488      0x800 zephyr/kernel/libkernel.a(init.c.obj)
                0x0000000020071488                _interrupt_stack
 *(.kernel_noinit.*)

datas           0x0000000020071c88       0x10 load address 0x00000000000834ec
                0x0000000020071c88                __data_ram_start = .
 *(.data)
 *(.data.*)
 .data._char_out
                0x0000000020071c88        0x4 zephyr/libzephyr.a(printk.c.obj)
 .data.uart0_sam_data
                0x0000000020071c8c        0x4 zephyr/drivers/serial/libdrivers__serial.a(uart_sam.c.obj)
 .data._sys_idle_elapsed_ticks
                0x0000000020071c90        0x4 zephyr/kernel/libkernel.a(sys_clock.c.obj)
                0x0000000020071c90                _sys_idle_elapsed_ticks
 .data.sys_clock_hw_cycles_per_tick
                0x0000000020071c94        0x4 zephyr/kernel/libkernel.a(sys_clock.c.obj)
                0x0000000020071c94                sys_clock_hw_cycles_per_tick
 *(.kernel.*)
                0x00000000000834ec                __data_rom_start = LOADADDR (datas)

initlevel       0x0000000020071c98       0x84 load address 0x00000000000834fc
                0x0000000020071c98                __device_init_start = .
                0x0000000020071c98                __device_PRE_KERNEL_1_start = .
 *(SORT(.init_PRE_KERNEL_1[0-9]))
 .init_PRE_KERNEL_10
                0x0000000020071c98        0xc zephyr/libzephyr.a(soc.c.obj)
 *(SORT(.init_PRE_KERNEL_1[1-9][0-9]))
 .init_PRE_KERNEL_130
                0x0000000020071ca4        0xc zephyr/kernel/libkernel.a(mempool.c.obj)
 .init_PRE_KERNEL_140
                0x0000000020071cb0        0xc zephyr/boards/boards/arm/cubestack_due/libboards__arm__cubestack_due.a(pinmux.c.obj)
 .init_PRE_KERNEL_150
                0x0000000020071cbc        0xc zephyr/libzephyr.a(wdt_sam.c.obj)
 .init_PRE_KERNEL_150
                0x0000000020071cc8        0xc zephyr/drivers/serial/libdrivers__serial.a(uart_sam.c.obj)
 .init_PRE_KERNEL_160
                0x0000000020071cd4        0xc zephyr/libzephyr.a(uart_console.c.obj)
                0x0000000020071ce0                __device_PRE_KERNEL_2_start = .
 *(SORT(.init_PRE_KERNEL_2[0-9]))
 .init_PRE_KERNEL_20
                0x0000000020071ce0        0xc zephyr/libzephyr.a(sys_clock_init.c.obj)
 *(SORT(.init_PRE_KERNEL_2[1-9][0-9]))
                0x0000000020071cec                __device_POST_KERNEL_start = .
 *(SORT(.init_POST_KERNEL[0-9]))
 *(SORT(.init_POST_KERNEL[1-9][0-9]))
 .init_POST_KERNEL50
                0x0000000020071cec       0x30 zephyr/drivers/gpio/libdrivers__gpio.a(gpio_atmel_sam3.c.obj)
                0x0000000020071d1c                __device_APPLICATION_start = .
 *(SORT(.init_APPLICATION[0-9]))
 *(SORT(.init_APPLICATION[1-9][0-9]))
                0x0000000020071d1c                __device_init_end = .

initlevel_error
                0x0000000020071c98        0x0
 *(SORT(.init_[_A-Z0-9]*))
                0x0000000000000001                ASSERT ((SIZEOF (initlevel_error) == 0x0), Undefined initialization levels used.)

initshell       0x0000000020071d1c        0x0 load address 0x0000000000083580
                0x0000000020071d1c                __shell_module_start = .
 *(.shell_module_*)
                0x0000000020071d1c                __shell_module_end = .
                0x0000000020071d1c                __shell_cmd_start = .
 *(.shell_cmd_*)
                0x0000000020071d1c                __shell_cmd_end = .

log_dynamic_sections
                0x0000000020071d1c        0x0 load address 0x0000000000083580
                0x0000000020071d1c                __log_dynamic_start = .
 *(SORT(.log_dynamic_*))
                0x0000000020071d1c                __log_dynamic_end = .

_static_thread_area
                0x0000000020071d1c       0x84 load address 0x0000000000083580
                0x0000000020071d1c                _static_thread_data_list_start = .
 *(SORT(._static_thread_data.static.*))
 ._static_thread_data.static.blink1_id
                0x0000000020071d1c       0x2c libapp.a(main.c.obj)
                0x0000000020071d1c                _k_thread_data_blink1_id
 ._static_thread_data.static.blink2_id
                0x0000000020071d48       0x2c libapp.a(main.c.obj)
                0x0000000020071d48                _k_thread_data_blink2_id
 ._static_thread_data.static.uart_out_id
                0x0000000020071d74       0x2c libapp.a(main.c.obj)
                0x0000000020071d74                _k_thread_data_uart_out_id
                0x0000000020071da0                _static_thread_data_list_end = .

_k_timer_area   0x0000000020071da0        0x0 load address 0x0000000000083604
                0x0000000020071da0                _k_timer_list_start = .
 *(SORT(._k_timer.static.*))
                0x0000000020071da0                _k_timer_list_end = .

_k_mem_slab_area
                0x0000000020071da0        0x0 load address 0x0000000000083604
                0x0000000020071da0                _k_mem_slab_list_start = .
 *(SORT(._k_mem_slab.static.*))
                0x0000000020071da0                _k_mem_slab_list_end = .

_k_mem_pool_area
                0x0000000020071da0       0x1c load address 0x0000000000083604
 *(SORT(._k_memory_pool.struct*))
                0x0000000020071da0                _k_mem_pool_list_start = .
 *(SORT(._k_mem_pool.static.*))
 ._k_mem_pool.static._heap_mem_pool
                0x0000000020071da0       0x1c zephyr/kernel/libkernel.a(mempool.c.obj)
                0x0000000020071da0                _heap_mem_pool
                0x0000000020071dbc                _k_mem_pool_list_end = .

_k_sem_area     0x0000000020071dbc        0x0 load address 0x0000000000083620
                0x0000000020071dbc                _k_sem_list_start = .
 *(SORT(._k_sem.static.*))
                0x0000000020071dbc                _k_sem_list_end = .

_k_mutex_area   0x0000000020071dbc        0x0 load address 0x0000000000083620
                0x0000000020071dbc                _k_mutex_list_start = .
 *(SORT(._k_mutex.static.*))
                0x0000000020071dbc                _k_mutex_list_end = .

_k_alert_area   0x0000000020071dbc        0x0 load address 0x0000000000083620
                0x0000000020071dbc                _k_alert_list_start = .
 *(SORT(._k_alert.static.*))
                0x0000000020071dbc                _k_alert_list_end = .

_k_queue_area   0x0000000020071dbc       0x10 load address 0x0000000000083620
                0x0000000020071dbc                _k_queue_list_start = .
 *(SORT(._k_queue.static.*))
 ._k_queue.static.printk_fifo
                0x0000000020071dbc       0x10 libapp.a(main.c.obj)
                0x0000000020071dbc                printk_fifo
                0x0000000020071dcc                _k_queue_list_end = .

_k_stack_area   0x0000000020071dcc        0x0 load address 0x0000000000083630
                0x0000000020071dcc                _k_stack_list_start = .
 *(SORT(._k_stack.static.*))
                0x0000000020071dcc                _k_stack_list_end = .

_k_msgq_area    0x0000000020071dcc        0x0 load address 0x0000000000083630
                0x0000000020071dcc                _k_msgq_list_start = .
 *(SORT(._k_msgq.static.*))
                0x0000000020071dcc                _k_msgq_list_end = .

_k_mbox_area    0x0000000020071dcc        0x0 load address 0x0000000000083630
                0x0000000020071dcc                _k_mbox_list_start = .
 *(SORT(._k_mbox.static.*))
                0x0000000020071dcc                _k_mbox_list_end = .

_k_pipe_area    0x0000000020071dcc        0x0 load address 0x0000000000083630
                0x0000000020071dcc                _k_pipe_list_start = .
 *(SORT(._k_pipe.static.*))
                0x0000000020071dcc                _k_pipe_list_end = .

_k_work_area    0x0000000020071dcc        0x0 load address 0x0000000000083630
                0x0000000020071dcc                _k_work_list_start = .
 *(SORT(._k_work.static.*))
                0x0000000020071dcc                _k_work_list_end = .

_k_task_list    0x0000000020071dcc        0x0 load address 0x0000000000083630
                0x0000000020071dcc                _k_task_list_start = .
 *(._k_task_list.public.*)
 *(._k_task_list.private.*)
                0x0000000020071dcc                _k_task_list_idle_start = .
 *(._k_task_list.idle.*)
 *(SORT(._k_task_list*))
                0x0000000020071dcc                _k_task_list_end = .

_k_event_list   0x0000000020071dcc        0x0 load address 0x0000000000083630
                0x0000000020071dcc                _k_event_list_start = .
 *(._k_event_list.event.*)
 *(SORT(._k_event_list*))
                0x0000000020071dcc                _k_event_list_end = .

_k_memory_pool  0x0000000020071dcc        0x0 load address 0x0000000000083630
 *(._k_memory_pool.struct*)
 *(SORT(._k_memory_pool.struct*))
                0x0000000020071dcc                _k_mem_pool_start = .
 *(._k_memory_pool.*)
 *(SORT(._k_memory_pool*))
                0x0000000020071dcc                _k_mem_pool_end = .

_net_buf_pool_area
                0x0000000020071dcc        0x0 load address 0x0000000000083630
                0x0000000020071dcc                _net_buf_pool_list = .
 *(SORT(._net_buf_pool.static.*))

net_if          0x0000000020071dcc        0x0 load address 0x0000000000083630
                0x0000000020071dcc                __net_if_start = .
 *(.net_if.*)
 *(SORT(.net_if.*))
                0x0000000020071dcc                __net_if_end = .

net_if_dev      0x0000000020071dcc        0x0 load address 0x0000000000083630
                0x0000000020071dcc                __net_if_dev_start = .
 *(.net_if_dev.*)
 *(SORT(.net_if_dev.*))
                0x0000000020071dcc                __net_if_dev_end = .

net_l2_data     0x0000000020071dcc        0x0 load address 0x0000000000083630
                0x0000000020071dcc                __net_l2_data_start = .
 *(.net_l2.data)
 *(SORT(.net_l2.data*))
                0x0000000020071dcc                __net_l2_data_end = .
                0x0000000020071dcc                __data_ram_end = .
                0x0000000020071dcc                _image_ram_end = .
                0x0000000020071dcc                _end = .
                0x0000000020088000                __kernel_ram_end = 0x20088000
                0x0000000000018000                __kernel_ram_size = (__kernel_ram_end - __kernel_ram_start)

/DISCARD/
 *(.irq_info)
 *(.intList)
OUTPUT(zephyr/zephyr.elf elf32-littlearm)

.debug_info     0x0000000000000000    0x1f989
 .debug_info    0x0000000000000000       0xe4 zephyr/CMakeFiles/kernel_elf.dir/isr_tables.c.obj
 .debug_info    0x00000000000000e4     0x117a libapp.a(main.c.obj)
 .debug_info    0x000000000000125e      0x116 zephyr/libzephyr.a(isr_tables.c.obj)
 .debug_info    0x0000000000001374      0xc01 zephyr/libzephyr.a(soc.c.obj)
 .debug_info    0x0000000000001f75      0x3fd zephyr/libzephyr.a(soc_pmc.c.obj)
 .debug_info    0x0000000000002372      0x64c zephyr/libzephyr.a(soc_gpio.c.obj)
 .debug_info    0x00000000000029be      0x706 zephyr/libzephyr.a(thread_entry.c.obj)
 .debug_info    0x00000000000030c4     0x1408 zephyr/libzephyr.a(mempool.c.obj)
 .debug_info    0x00000000000044cc      0xf8b zephyr/libzephyr.a(printk.c.obj)
 .debug_info    0x0000000000005457       0x37 zephyr/libzephyr.a(configs.c.obj)
 .debug_info    0x000000000000548e      0x952 zephyr/libzephyr.a(uart_console.c.obj)
 .debug_info    0x0000000000005de0      0xad8 zephyr/libzephyr.a(wdt_sam.c.obj)
 .debug_info    0x00000000000068b8      0x6dc zephyr/libzephyr.a(sys_clock_init.c.obj)
 .debug_info    0x0000000000006f94      0xe4c zephyr/libzephyr.a(cortex_m_systick.c.obj)
 .debug_info    0x0000000000007de0       0x99 zephyr/arch/arm/core/libarch__arm__core.a(exc_exit.S.obj)
 .debug_info    0x0000000000007e79      0xa9c zephyr/arch/arm/core/libarch__arm__core.a(irq_init.c.obj)
 .debug_info    0x0000000000008915      0x978 zephyr/arch/arm/core/libarch__arm__core.a(swap.c.obj)
 .debug_info    0x000000000000928d       0x98 zephyr/arch/arm/core/libarch__arm__core.a(swap_helper.S.obj)
 .debug_info    0x0000000000009325      0xf8a zephyr/arch/arm/core/libarch__arm__core.a(fault.c.obj)
 .debug_info    0x000000000000a2af      0xe6d zephyr/arch/arm/core/libarch__arm__core.a(irq_manage.c.obj)
 .debug_info    0x000000000000b11c      0xb8b zephyr/arch/arm/core/libarch__arm__core.a(thread.c.obj)
 .debug_info    0x000000000000bca7       0x95 zephyr/arch/arm/core/libarch__arm__core.a(cpu_idle.S.obj)
 .debug_info    0x000000000000bd3c       0x98 zephyr/arch/arm/core/libarch__arm__core.a(fault_s.S.obj)
 .debug_info    0x000000000000bdd4      0xa09 zephyr/arch/arm/core/libarch__arm__core.a(fatal.c.obj)
 .debug_info    0x000000000000c7dd      0x983 zephyr/arch/arm/core/libarch__arm__core.a(sys_fatal_error_handler.c.obj)
 .debug_info    0x000000000000d160      0xabe zephyr/arch/arm/core/libarch__arm__core.a(thread_abort.c.obj)
 .debug_info    0x000000000000dc1e       0x9c zephyr/arch/arm/core/libarch__arm__core.a(isr_wrapper.S.obj)
 .debug_info    0x000000000000dcba       0x9f zephyr/arch/arm/core/cortex_m/libarch__arm__core__cortex_m.a(reset.S.obj)
 .debug_info    0x000000000000dd59       0xa6 zephyr/arch/arm/core/cortex_m/libarch__arm__core__cortex_m.a(nmi_on_reset.S.obj)
 .debug_info    0x000000000000ddff      0x98c zephyr/arch/arm/core/cortex_m/libarch__arm__core__cortex_m.a(prep_c.c.obj)
 .debug_info    0x000000000000e78b      0x62b zephyr/arch/arm/core/cortex_m/libarch__arm__core__cortex_m.a(nmi.c.obj)
 .debug_info    0x000000000000edb6      0x543 zephyr/lib/libc/minimal/liblib__libc__minimal.a(string.c.obj)
 .debug_info    0x000000000000f2f9      0xacd zephyr/boards/boards/arm/cubestack_due/libboards__arm__cubestack_due.a(pinmux.c.obj)
 .debug_info    0x000000000000fdc6     0x1c34 zephyr/drivers/gpio/libdrivers__gpio.a(gpio_atmel_sam3.c.obj)
 .debug_info    0x00000000000119fa      0xf39 zephyr/drivers/serial/libdrivers__serial.a(uart_sam.c.obj)
 .debug_info    0x0000000000012933      0x827 zephyr/kernel/libkernel.a(device.c.obj)
 .debug_info    0x000000000001315a      0x7e4 zephyr/kernel/libkernel.a(errno.c.obj)
 .debug_info    0x000000000001393e      0x8e5 zephyr/kernel/libkernel.a(idle.c.obj)
 .debug_info    0x0000000000014223     0x1935 zephyr/kernel/libkernel.a(init.c.obj)
 .debug_info    0x0000000000015b58     0x126d zephyr/kernel/libkernel.a(mempool.c.obj)
 .debug_info    0x0000000000016dc5     0x1990 zephyr/kernel/libkernel.a(queue.c.obj)
 .debug_info    0x0000000000018755     0x3656 zephyr/kernel/libkernel.a(sched.c.obj)
 .debug_info    0x000000000001bdab     0x1214 zephyr/kernel/libkernel.a(sys_clock.c.obj)
 .debug_info    0x000000000001cfbf     0x1ec4 zephyr/kernel/libkernel.a(thread.c.obj)
 .debug_info    0x000000000001ee83      0xb06 zephyr/CMakeFiles/offsets.dir/arch/arm/core/offsets/offsets.c.obj

.debug_abbrev   0x0000000000000000     0x6684
 .debug_abbrev  0x0000000000000000       0xb7 zephyr/CMakeFiles/kernel_elf.dir/isr_tables.c.obj
 .debug_abbrev  0x00000000000000b7      0x32f libapp.a(main.c.obj)
 .debug_abbrev  0x00000000000003e6       0xc4 zephyr/libzephyr.a(isr_tables.c.obj)
 .debug_abbrev  0x00000000000004aa      0x29e zephyr/libzephyr.a(soc.c.obj)
 .debug_abbrev  0x0000000000000748      0x11a zephyr/libzephyr.a(soc_pmc.c.obj)
 .debug_abbrev  0x0000000000000862      0x1c3 zephyr/libzephyr.a(soc_gpio.c.obj)
 .debug_abbrev  0x0000000000000a25      0x217 zephyr/libzephyr.a(thread_entry.c.obj)
 .debug_abbrev  0x0000000000000c3c      0x493 zephyr/libzephyr.a(mempool.c.obj)
 .debug_abbrev  0x00000000000010cf      0x417 zephyr/libzephyr.a(printk.c.obj)
 .debug_abbrev  0x00000000000014e6       0x2c zephyr/libzephyr.a(configs.c.obj)
 .debug_abbrev  0x0000000000001512      0x2d2 zephyr/libzephyr.a(uart_console.c.obj)
 .debug_abbrev  0x00000000000017e4      0x288 zephyr/libzephyr.a(wdt_sam.c.obj)
 .debug_abbrev  0x0000000000001a6c      0x192 zephyr/libzephyr.a(sys_clock_init.c.obj)
 .debug_abbrev  0x0000000000001bfe      0x343 zephyr/libzephyr.a(cortex_m_systick.c.obj)
 .debug_abbrev  0x0000000000001f41       0x14 zephyr/arch/arm/core/libarch__arm__core.a(exc_exit.S.obj)
 .debug_abbrev  0x0000000000001f55      0x22b zephyr/arch/arm/core/libarch__arm__core.a(irq_init.c.obj)
 .debug_abbrev  0x0000000000002180      0x1df zephyr/arch/arm/core/libarch__arm__core.a(swap.c.obj)
 .debug_abbrev  0x000000000000235f       0x12 zephyr/arch/arm/core/libarch__arm__core.a(swap_helper.S.obj)
 .debug_abbrev  0x0000000000002371      0x35b zephyr/arch/arm/core/libarch__arm__core.a(fault.c.obj)
 .debug_abbrev  0x00000000000026cc      0x2ca zephyr/arch/arm/core/libarch__arm__core.a(irq_manage.c.obj)
 .debug_abbrev  0x0000000000002996      0x279 zephyr/arch/arm/core/libarch__arm__core.a(thread.c.obj)
 .debug_abbrev  0x0000000000002c0f       0x12 zephyr/arch/arm/core/libarch__arm__core.a(cpu_idle.S.obj)
 .debug_abbrev  0x0000000000002c21       0x14 zephyr/arch/arm/core/libarch__arm__core.a(fault_s.S.obj)
 .debug_abbrev  0x0000000000002c35      0x27e zephyr/arch/arm/core/libarch__arm__core.a(fatal.c.obj)
 .debug_abbrev  0x0000000000002eb3      0x247 zephyr/arch/arm/core/libarch__arm__core.a(sys_fatal_error_handler.c.obj)
 .debug_abbrev  0x00000000000030fa      0x25d zephyr/arch/arm/core/libarch__arm__core.a(thread_abort.c.obj)
 .debug_abbrev  0x0000000000003357       0x14 zephyr/arch/arm/core/libarch__arm__core.a(isr_wrapper.S.obj)
 .debug_abbrev  0x000000000000336b       0x14 zephyr/arch/arm/core/cortex_m/libarch__arm__core__cortex_m.a(reset.S.obj)
 .debug_abbrev  0x000000000000337f       0x14 zephyr/arch/arm/core/cortex_m/libarch__arm__core__cortex_m.a(nmi_on_reset.S.obj)
 .debug_abbrev  0x0000000000003393      0x1eb zephyr/arch/arm/core/cortex_m/libarch__arm__core__cortex_m.a(prep_c.c.obj)
 .debug_abbrev  0x000000000000357e      0x1a5 zephyr/arch/arm/core/cortex_m/libarch__arm__core__cortex_m.a(nmi.c.obj)
 .debug_abbrev  0x0000000000003723      0x19f zephyr/lib/libc/minimal/liblib__libc__minimal.a(string.c.obj)
 .debug_abbrev  0x00000000000038c2      0x224 zephyr/boards/boards/arm/cubestack_due/libboards__arm__cubestack_due.a(pinmux.c.obj)
 .debug_abbrev  0x0000000000003ae6      0x45d zephyr/drivers/gpio/libdrivers__gpio.a(gpio_atmel_sam3.c.obj)
 .debug_abbrev  0x0000000000003f43      0x2bb zephyr/drivers/serial/libdrivers__serial.a(uart_sam.c.obj)
 .debug_abbrev  0x00000000000041fe      0x285 zephyr/kernel/libkernel.a(device.c.obj)
 .debug_abbrev  0x0000000000004483      0x1b6 zephyr/kernel/libkernel.a(errno.c.obj)
 .debug_abbrev  0x0000000000004639      0x287 zephyr/kernel/libkernel.a(idle.c.obj)
 .debug_abbrev  0x00000000000048c0      0x4b1 zephyr/kernel/libkernel.a(init.c.obj)
 .debug_abbrev  0x0000000000004d71      0x38a zephyr/kernel/libkernel.a(mempool.c.obj)
 .debug_abbrev  0x00000000000050fb      0x485 zephyr/kernel/libkernel.a(queue.c.obj)
 .debug_abbrev  0x0000000000005580      0x5d8 zephyr/kernel/libkernel.a(sched.c.obj)
 .debug_abbrev  0x0000000000005b58      0x415 zephyr/kernel/libkernel.a(sys_clock.c.obj)
 .debug_abbrev  0x0000000000005f6d      0x567 zephyr/kernel/libkernel.a(thread.c.obj)
 .debug_abbrev  0x00000000000064d4      0x1b0 zephyr/CMakeFiles/offsets.dir/arch/arm/core/offsets/offsets.c.obj

.debug_aranges  0x0000000000000000      0xae0
 .debug_aranges
                0x0000000000000000       0x18 zephyr/CMakeFiles/kernel_elf.dir/isr_tables.c.obj
 .debug_aranges
                0x0000000000000018       0x38 libapp.a(main.c.obj)
 .debug_aranges
                0x0000000000000050       0x18 zephyr/libzephyr.a(isr_tables.c.obj)
 .debug_aranges
                0x0000000000000068       0x20 zephyr/libzephyr.a(soc.c.obj)
 .debug_aranges
                0x0000000000000088       0x30 zephyr/libzephyr.a(soc_pmc.c.obj)
 .debug_aranges
                0x00000000000000b8       0x28 zephyr/libzephyr.a(soc_gpio.c.obj)
 .debug_aranges
                0x00000000000000e0       0x20 zephyr/libzephyr.a(thread_entry.c.obj)
 .debug_aranges
                0x0000000000000100       0x58 zephyr/libzephyr.a(mempool.c.obj)
 .debug_aranges
                0x0000000000000158       0x78 zephyr/libzephyr.a(printk.c.obj)
 .debug_aranges
                0x00000000000001d0       0x20 zephyr/libzephyr.a(configs.c.obj)
 .debug_aranges
                0x00000000000001f0       0x30 zephyr/libzephyr.a(uart_console.c.obj)
 .debug_aranges
                0x0000000000000220       0x40 zephyr/libzephyr.a(wdt_sam.c.obj)
 .debug_aranges
                0x0000000000000260       0x18 zephyr/libzephyr.a(sys_clock_init.c.obj)
 .debug_aranges
                0x0000000000000278       0x30 zephyr/libzephyr.a(cortex_m_systick.c.obj)
 .debug_aranges
                0x00000000000002a8       0x20 zephyr/arch/arm/core/libarch__arm__core.a(exc_exit.S.obj)
 .debug_aranges
                0x00000000000002c8       0x20 zephyr/arch/arm/core/libarch__arm__core.a(irq_init.c.obj)
 .debug_aranges
                0x00000000000002e8       0x20 zephyr/arch/arm/core/libarch__arm__core.a(swap.c.obj)
 .debug_aranges
                0x0000000000000308       0x28 zephyr/arch/arm/core/libarch__arm__core.a(swap_helper.S.obj)
 .debug_aranges
                0x0000000000000330       0x40 zephyr/arch/arm/core/libarch__arm__core.a(fault.c.obj)
 .debug_aranges
                0x0000000000000370       0x40 zephyr/arch/arm/core/libarch__arm__core.a(irq_manage.c.obj)
 .debug_aranges
                0x00000000000003b0       0x20 zephyr/arch/arm/core/libarch__arm__core.a(thread.c.obj)
 .debug_aranges
                0x00000000000003d0       0x30 zephyr/arch/arm/core/libarch__arm__core.a(cpu_idle.S.obj)
 .debug_aranges
                0x0000000000000400       0x20 zephyr/arch/arm/core/libarch__arm__core.a(fault_s.S.obj)
 .debug_aranges
                0x0000000000000420       0x30 zephyr/arch/arm/core/libarch__arm__core.a(fatal.c.obj)
 .debug_aranges
                0x0000000000000450       0x20 zephyr/arch/arm/core/libarch__arm__core.a(sys_fatal_error_handler.c.obj)
 .debug_aranges
                0x0000000000000470       0x20 zephyr/arch/arm/core/libarch__arm__core.a(thread_abort.c.obj)
 .debug_aranges
                0x0000000000000490       0x20 zephyr/arch/arm/core/libarch__arm__core.a(isr_wrapper.S.obj)
 .debug_aranges
                0x00000000000004b0       0x20 zephyr/arch/arm/core/cortex_m/libarch__arm__core__cortex_m.a(reset.S.obj)
 .debug_aranges
                0x00000000000004d0       0x20 zephyr/arch/arm/core/cortex_m/libarch__arm__core__cortex_m.a(nmi_on_reset.S.obj)
 .debug_aranges
                0x00000000000004f0       0x20 zephyr/arch/arm/core/cortex_m/libarch__arm__core__cortex_m.a(prep_c.c.obj)
 .debug_aranges
                0x0000000000000510       0x20 zephyr/arch/arm/core/cortex_m/libarch__arm__core__cortex_m.a(nmi.c.obj)
 .debug_aranges
                0x0000000000000530       0x88 zephyr/lib/libc/minimal/liblib__libc__minimal.a(string.c.obj)
 .debug_aranges
                0x00000000000005b8       0x20 zephyr/boards/boards/arm/cubestack_due/libboards__arm__cubestack_due.a(pinmux.c.obj)
 .debug_aranges
                0x00000000000005d8       0x80 zephyr/drivers/gpio/libdrivers__gpio.a(gpio_atmel_sam3.c.obj)
 .debug_aranges
                0x0000000000000658       0x38 zephyr/drivers/serial/libdrivers__serial.a(uart_sam.c.obj)
 .debug_aranges
                0x0000000000000690       0x30 zephyr/kernel/libkernel.a(device.c.obj)
 .debug_aranges
                0x00000000000006c0       0x20 zephyr/kernel/libkernel.a(errno.c.obj)
 .debug_aranges
                0x00000000000006e0       0x28 zephyr/kernel/libkernel.a(idle.c.obj)
 .debug_aranges
                0x0000000000000708       0x50 zephyr/kernel/libkernel.a(init.c.obj)
 .debug_aranges
                0x0000000000000758       0x68 zephyr/kernel/libkernel.a(mempool.c.obj)
 .debug_aranges
                0x00000000000007c0       0x80 zephyr/kernel/libkernel.a(queue.c.obj)
 .debug_aranges
                0x0000000000000840      0x168 zephyr/kernel/libkernel.a(sched.c.obj)
 .debug_aranges
                0x00000000000009a8       0x50 zephyr/kernel/libkernel.a(sys_clock.c.obj)
 .debug_aranges
                0x00000000000009f8       0xc8 zephyr/kernel/libkernel.a(thread.c.obj)
 .debug_aranges
                0x0000000000000ac0       0x20 zephyr/CMakeFiles/offsets.dir/arch/arm/core/offsets/offsets.c.obj

.debug_line     0x0000000000000000     0x8dd4
 .debug_line    0x0000000000000000       0x92 zephyr/CMakeFiles/kernel_elf.dir/isr_tables.c.obj
 .debug_line    0x0000000000000092      0x349 libapp.a(main.c.obj)
 .debug_line    0x00000000000003db       0xac zephyr/libzephyr.a(isr_tables.c.obj)
 .debug_line    0x0000000000000487      0x376 zephyr/libzephyr.a(soc.c.obj)
 .debug_line    0x00000000000007fd      0x1d4 zephyr/libzephyr.a(soc_pmc.c.obj)
 .debug_line    0x00000000000009d1      0x26a zephyr/libzephyr.a(soc_gpio.c.obj)
 .debug_line    0x0000000000000c3b      0x212 zephyr/libzephyr.a(thread_entry.c.obj)
 .debug_line    0x0000000000000e4d      0x4e6 zephyr/libzephyr.a(mempool.c.obj)
 .debug_line    0x0000000000001333      0x42e zephyr/libzephyr.a(printk.c.obj)
 .debug_line    0x0000000000001761       0xd6 zephyr/libzephyr.a(configs.c.obj)
 .debug_line    0x0000000000001837      0x2e9 zephyr/libzephyr.a(uart_console.c.obj)
 .debug_line    0x0000000000001b20      0x306 zephyr/libzephyr.a(wdt_sam.c.obj)
 .debug_line    0x0000000000001e26      0x21e zephyr/libzephyr.a(sys_clock_init.c.obj)
 .debug_line    0x0000000000002044      0x403 zephyr/libzephyr.a(cortex_m_systick.c.obj)
 .debug_line    0x0000000000002447       0x71 zephyr/arch/arm/core/libarch__arm__core.a(exc_exit.S.obj)
 .debug_line    0x00000000000024b8      0x2ca zephyr/arch/arm/core/libarch__arm__core.a(irq_init.c.obj)
 .debug_line    0x0000000000002782      0x334 zephyr/arch/arm/core/libarch__arm__core.a(swap.c.obj)
 .debug_line    0x0000000000002ab6       0xaa zephyr/arch/arm/core/libarch__arm__core.a(swap_helper.S.obj)
 .debug_line    0x0000000000002b60      0x3f8 zephyr/arch/arm/core/libarch__arm__core.a(fault.c.obj)
 .debug_line    0x0000000000002f58      0x41d zephyr/arch/arm/core/libarch__arm__core.a(irq_manage.c.obj)
 .debug_line    0x0000000000003375      0x3ac zephyr/arch/arm/core/libarch__arm__core.a(thread.c.obj)
 .debug_line    0x0000000000003721       0x8c zephyr/arch/arm/core/libarch__arm__core.a(cpu_idle.S.obj)
 .debug_line    0x00000000000037ad       0x6c zephyr/arch/arm/core/libarch__arm__core.a(fault_s.S.obj)
 .debug_line    0x0000000000003819      0x39c zephyr/arch/arm/core/libarch__arm__core.a(fatal.c.obj)
 .debug_line    0x0000000000003bb5      0x38a zephyr/arch/arm/core/libarch__arm__core.a(sys_fatal_error_handler.c.obj)
 .debug_line    0x0000000000003f3f      0x3b1 zephyr/arch/arm/core/libarch__arm__core.a(thread_abort.c.obj)
 .debug_line    0x00000000000042f0       0x70 zephyr/arch/arm/core/libarch__arm__core.a(isr_wrapper.S.obj)
 .debug_line    0x0000000000004360       0x72 zephyr/arch/arm/core/cortex_m/libarch__arm__core__cortex_m.a(reset.S.obj)
 .debug_line    0x00000000000043d2       0x6b zephyr/arch/arm/core/cortex_m/libarch__arm__core__cortex_m.a(nmi_on_reset.S.obj)
 .debug_line    0x000000000000443d      0x2f1 zephyr/arch/arm/core/cortex_m/libarch__arm__core__cortex_m.a(prep_c.c.obj)
 .debug_line    0x000000000000472e      0x224 zephyr/arch/arm/core/cortex_m/libarch__arm__core__cortex_m.a(nmi.c.obj)
 .debug_line    0x0000000000004952      0x25f zephyr/lib/libc/minimal/liblib__libc__minimal.a(string.c.obj)
 .debug_line    0x0000000000004bb1      0x34a zephyr/boards/boards/arm/cubestack_due/libboards__arm__cubestack_due.a(pinmux.c.obj)
 .debug_line    0x0000000000004efb      0x512 zephyr/drivers/gpio/libdrivers__gpio.a(gpio_atmel_sam3.c.obj)
 .debug_line    0x000000000000540d      0x398 zephyr/drivers/serial/libdrivers__serial.a(uart_sam.c.obj)
 .debug_line    0x00000000000057a5      0x272 zephyr/kernel/libkernel.a(device.c.obj)
 .debug_line    0x0000000000005a17      0x2d7 zephyr/kernel/libkernel.a(errno.c.obj)
 .debug_line    0x0000000000005cee      0x38b zephyr/kernel/libkernel.a(idle.c.obj)
 .debug_line    0x0000000000006079      0x54c zephyr/kernel/libkernel.a(init.c.obj)
 .debug_line    0x00000000000065c5      0x4e2 zephyr/kernel/libkernel.a(mempool.c.obj)
 .debug_line    0x0000000000006aa7      0x619 zephyr/kernel/libkernel.a(queue.c.obj)
 .debug_line    0x00000000000070c0      0xc27 zephyr/kernel/libkernel.a(sched.c.obj)
 .debug_line    0x0000000000007ce7      0x594 zephyr/kernel/libkernel.a(sys_clock.c.obj)
 .debug_line    0x000000000000827b      0x7ee zephyr/kernel/libkernel.a(thread.c.obj)
 .debug_line    0x0000000000008a69      0x36b zephyr/CMakeFiles/offsets.dir/arch/arm/core/offsets/offsets.c.obj

.debug_str      0x0000000000000000     0x4f0c
 .debug_str     0x0000000000000000      0x1cf zephyr/CMakeFiles/kernel_elf.dir/isr_tables.c.obj
                                        0x1e8 (size before relaxing)
 .debug_str     0x00000000000001cf      0x6a6 libapp.a(main.c.obj)
                                        0xa0c (size before relaxing)
 .debug_str     0x0000000000000875       0x59 zephyr/libzephyr.a(isr_tables.c.obj)
                                        0x1ea (size before relaxing)
 .debug_str     0x00000000000008ce      0x296 zephyr/libzephyr.a(soc.c.obj)
                                        0x816 (size before relaxing)
 .debug_str     0x0000000000000b64       0x90 zephyr/libzephyr.a(soc_pmc.c.obj)
                                        0x38a (size before relaxing)
 .debug_str     0x0000000000000bf4      0x27c zephyr/libzephyr.a(soc_gpio.c.obj)
                                        0x4be (size before relaxing)
 .debug_str     0x0000000000000e70       0x5f zephyr/libzephyr.a(thread_entry.c.obj)
                                        0x55b (size before relaxing)
 .debug_str     0x0000000000000ecf      0x244 zephyr/libzephyr.a(mempool.c.obj)
                                        0x768 (size before relaxing)
 .debug_str     0x0000000000001113      0x33a zephyr/libzephyr.a(printk.c.obj)
                                        0x884 (size before relaxing)
 .debug_str     0x000000000000144d       0x2f zephyr/libzephyr.a(configs.c.obj)
                                        0x15a (size before relaxing)
 .debug_str     0x000000000000147c       0xf4 zephyr/libzephyr.a(uart_console.c.obj)
                                        0x6c6 (size before relaxing)
 .debug_str     0x0000000000001570      0x1fc zephyr/libzephyr.a(wdt_sam.c.obj)
                                        0x7e6 (size before relaxing)
 .debug_str     0x000000000000176c       0xa0 zephyr/libzephyr.a(sys_clock_init.c.obj)
                                        0x60b (size before relaxing)
 .debug_str     0x000000000000180c      0x3da zephyr/libzephyr.a(cortex_m_systick.c.obj)
                                        0xa42 (size before relaxing)
 .debug_str     0x0000000000001be6       0x3a zephyr/arch/arm/core/libarch__arm__core.a(irq_init.c.obj)
                                        0x827 (size before relaxing)
 .debug_str     0x0000000000001c20       0x3f zephyr/arch/arm/core/libarch__arm__core.a(swap.c.obj)
                                        0x62c (size before relaxing)
 .debug_str     0x0000000000001c5f      0x117 zephyr/arch/arm/core/libarch__arm__core.a(fault.c.obj)
                                        0x6fa (size before relaxing)
 .debug_str     0x0000000000001d76      0x11f zephyr/arch/arm/core/libarch__arm__core.a(irq_manage.c.obj)
                                        0x9cf (size before relaxing)
 .debug_str     0x0000000000001e95      0x15c zephyr/arch/arm/core/libarch__arm__core.a(thread.c.obj)
                                        0x7a0 (size before relaxing)
 .debug_str     0x0000000000001ff1       0x8e zephyr/arch/arm/core/libarch__arm__core.a(fatal.c.obj)
                                        0x65e (size before relaxing)
 .debug_str     0x000000000000207f       0x75 zephyr/arch/arm/core/libarch__arm__core.a(sys_fatal_error_handler.c.obj)
                                        0x64b (size before relaxing)
 .debug_str     0x00000000000020f4       0x7a zephyr/arch/arm/core/libarch__arm__core.a(thread_abort.c.obj)
                                        0x70a (size before relaxing)
 .debug_str     0x000000000000216e      0x1ff zephyr/arch/arm/core/cortex_m/libarch__arm__core__cortex_m.a(prep_c.c.obj)
                                        0x754 (size before relaxing)
 .debug_str     0x000000000000236d       0x47 zephyr/arch/arm/core/cortex_m/libarch__arm__core__cortex_m.a(nmi.c.obj)
                                        0x510 (size before relaxing)
 .debug_str     0x00000000000023b4       0xd0 zephyr/lib/libc/minimal/liblib__libc__minimal.a(string.c.obj)
                                        0x1f2 (size before relaxing)
 .debug_str     0x0000000000002484       0xb8 zephyr/boards/boards/arm/cubestack_due/libboards__arm__cubestack_due.a(pinmux.c.obj)
                                        0x83d (size before relaxing)
 .debug_str     0x000000000000253c      0x403 zephyr/drivers/gpio/libdrivers__gpio.a(gpio_atmel_sam3.c.obj)
                                       0x1043 (size before relaxing)
 .debug_str     0x000000000000293f      0x1f9 zephyr/drivers/serial/libdrivers__serial.a(uart_sam.c.obj)
                                        0xa02 (size before relaxing)
 .debug_str     0x0000000000002b38      0x11d zephyr/kernel/libkernel.a(device.c.obj)
                                        0x6ad (size before relaxing)
 .debug_str     0x0000000000002c55       0x32 zephyr/kernel/libkernel.a(errno.c.obj)
                                        0x6a8 (size before relaxing)
 .debug_str     0x0000000000002c87       0x96 zephyr/kernel/libkernel.a(idle.c.obj)
                                        0x6ba (size before relaxing)
 .debug_str     0x0000000000002d1d      0x3e9 zephyr/kernel/libkernel.a(init.c.obj)
                                        0xffe (size before relaxing)
 .debug_str     0x0000000000003106      0x234 zephyr/kernel/libkernel.a(mempool.c.obj)
                                        0x9b9 (size before relaxing)
 .debug_str     0x000000000000333a      0x2ee zephyr/kernel/libkernel.a(queue.c.obj)
                                        0xa62 (size before relaxing)
 .debug_str     0x0000000000003628      0x65d zephyr/kernel/libkernel.a(sched.c.obj)
                                        0xfd0 (size before relaxing)
 .debug_str     0x0000000000003c85      0x125 zephyr/kernel/libkernel.a(sys_clock.c.obj)
                                        0x960 (size before relaxing)
 .debug_str     0x0000000000003daa      0x27a zephyr/kernel/libkernel.a(thread.c.obj)
                                        0xdad (size before relaxing)
 .debug_str     0x0000000000004024      0xee8 zephyr/CMakeFiles/offsets.dir/arch/arm/core/offsets/offsets.c.obj
                                       0x14b7 (size before relaxing)

.comment        0x0000000000000000       0x11
 .comment       0x0000000000000000       0x11 zephyr/CMakeFiles/kernel_elf.dir/isr_tables.c.obj
                                         0x12 (size before relaxing)
 .comment       0x0000000000000011       0x12 libapp.a(main.c.obj)
 .comment       0x0000000000000011       0x12 zephyr/libzephyr.a(isr_tables.c.obj)
 .comment       0x0000000000000011       0x12 zephyr/libzephyr.a(soc.c.obj)
 .comment       0x0000000000000011       0x12 zephyr/libzephyr.a(soc_pmc.c.obj)
 .comment       0x0000000000000011       0x12 zephyr/libzephyr.a(soc_gpio.c.obj)
 .comment       0x0000000000000011       0x12 zephyr/libzephyr.a(thread_entry.c.obj)
 .comment       0x0000000000000011       0x12 zephyr/libzephyr.a(mempool.c.obj)
 .comment       0x0000000000000011       0x12 zephyr/libzephyr.a(printk.c.obj)
 .comment       0x0000000000000011       0x12 zephyr/libzephyr.a(configs.c.obj)
 .comment       0x0000000000000011       0x12 zephyr/libzephyr.a(uart_console.c.obj)
 .comment       0x0000000000000011       0x12 zephyr/libzephyr.a(wdt_sam.c.obj)
 .comment       0x0000000000000011       0x12 zephyr/libzephyr.a(sys_clock_init.c.obj)
 .comment       0x0000000000000011       0x12 zephyr/libzephyr.a(cortex_m_systick.c.obj)
 .comment       0x0000000000000011       0x12 zephyr/arch/arm/core/libarch__arm__core.a(irq_init.c.obj)
 .comment       0x0000000000000011       0x12 zephyr/arch/arm/core/libarch__arm__core.a(swap.c.obj)
 .comment       0x0000000000000011       0x12 zephyr/arch/arm/core/libarch__arm__core.a(fault.c.obj)
 .comment       0x0000000000000011       0x12 zephyr/arch/arm/core/libarch__arm__core.a(irq_manage.c.obj)
 .comment       0x0000000000000011       0x12 zephyr/arch/arm/core/libarch__arm__core.a(thread.c.obj)
 .comment       0x0000000000000011       0x12 zephyr/arch/arm/core/libarch__arm__core.a(fatal.c.obj)
 .comment       0x0000000000000011       0x12 zephyr/arch/arm/core/libarch__arm__core.a(sys_fatal_error_handler.c.obj)
 .comment       0x0000000000000011       0x12 zephyr/arch/arm/core/libarch__arm__core.a(thread_abort.c.obj)
 .comment       0x0000000000000011       0x12 zephyr/arch/arm/core/cortex_m/libarch__arm__core__cortex_m.a(prep_c.c.obj)
 .comment       0x0000000000000011       0x12 zephyr/arch/arm/core/cortex_m/libarch__arm__core__cortex_m.a(nmi.c.obj)
 .comment       0x0000000000000011       0x12 zephyr/lib/libc/minimal/liblib__libc__minimal.a(string.c.obj)
 .comment       0x0000000000000011       0x12 zephyr/boards/boards/arm/cubestack_due/libboards__arm__cubestack_due.a(pinmux.c.obj)
 .comment       0x0000000000000011       0x12 zephyr/drivers/gpio/libdrivers__gpio.a(gpio_atmel_sam3.c.obj)
 .comment       0x0000000000000011       0x12 zephyr/drivers/serial/libdrivers__serial.a(uart_sam.c.obj)
 .comment       0x0000000000000011       0x12 zephyr/kernel/libkernel.a(device.c.obj)
 .comment       0x0000000000000011       0x12 zephyr/kernel/libkernel.a(errno.c.obj)
 .comment       0x0000000000000011       0x12 zephyr/kernel/libkernel.a(idle.c.obj)
 .comment       0x0000000000000011       0x12 zephyr/kernel/libkernel.a(init.c.obj)
 .comment       0x0000000000000011       0x12 zephyr/kernel/libkernel.a(mempool.c.obj)
 .comment       0x0000000000000011       0x12 zephyr/kernel/libkernel.a(queue.c.obj)
 .comment       0x0000000000000011       0x12 zephyr/kernel/libkernel.a(sched.c.obj)
 .comment       0x0000000000000011       0x12 zephyr/kernel/libkernel.a(sys_clock.c.obj)
 .comment       0x0000000000000011       0x12 zephyr/kernel/libkernel.a(thread.c.obj)
 .comment       0x0000000000000011       0x12 zephyr/CMakeFiles/offsets.dir/arch/arm/core/offsets/offsets.c.obj

.ARM.attributes
                0x0000000000000000       0x31
 .ARM.attributes
                0x0000000000000000       0x33 zephyr/CMakeFiles/kernel_elf.dir/isr_tables.c.obj
 .ARM.attributes
                0x0000000000000033       0x33 libapp.a(main.c.obj)
 .ARM.attributes
                0x0000000000000066       0x33 zephyr/libzephyr.a(isr_tables.c.obj)
 .ARM.attributes
                0x0000000000000099       0x33 zephyr/libzephyr.a(soc.c.obj)
 .ARM.attributes
                0x00000000000000cc       0x33 zephyr/libzephyr.a(soc_pmc.c.obj)
 .ARM.attributes
                0x00000000000000ff       0x33 zephyr/libzephyr.a(soc_gpio.c.obj)
 .ARM.attributes
                0x0000000000000132       0x33 zephyr/libzephyr.a(thread_entry.c.obj)
 .ARM.attributes
                0x0000000000000165       0x33 zephyr/libzephyr.a(mempool.c.obj)
 .ARM.attributes
                0x0000000000000198       0x33 zephyr/libzephyr.a(printk.c.obj)
 .ARM.attributes
                0x00000000000001cb       0x33 zephyr/libzephyr.a(configs.c.obj)
 .ARM.attributes
                0x00000000000001fe       0x33 zephyr/libzephyr.a(uart_console.c.obj)
 .ARM.attributes
                0x0000000000000231       0x33 zephyr/libzephyr.a(wdt_sam.c.obj)
 .ARM.attributes
                0x0000000000000264       0x33 zephyr/libzephyr.a(sys_clock_init.c.obj)
 .ARM.attributes
                0x0000000000000297       0x33 zephyr/libzephyr.a(cortex_m_systick.c.obj)
 .ARM.attributes
                0x00000000000002ca       0x21 zephyr/arch/arm/core/libarch__arm__core.a(exc_exit.S.obj)
 .ARM.attributes
                0x00000000000002eb       0x33 zephyr/arch/arm/core/libarch__arm__core.a(irq_init.c.obj)
 .ARM.attributes
                0x000000000000031e       0x33 zephyr/arch/arm/core/libarch__arm__core.a(swap.c.obj)
 .ARM.attributes
                0x0000000000000351       0x21 zephyr/arch/arm/core/libarch__arm__core.a(swap_helper.S.obj)
 .ARM.attributes
                0x0000000000000372       0x33 zephyr/arch/arm/core/libarch__arm__core.a(fault.c.obj)
 .ARM.attributes
                0x00000000000003a5       0x33 zephyr/arch/arm/core/libarch__arm__core.a(irq_manage.c.obj)
 .ARM.attributes
                0x00000000000003d8       0x33 zephyr/arch/arm/core/libarch__arm__core.a(thread.c.obj)
 .ARM.attributes
                0x000000000000040b       0x21 zephyr/arch/arm/core/libarch__arm__core.a(cpu_idle.S.obj)
 .ARM.attributes
                0x000000000000042c       0x21 zephyr/arch/arm/core/libarch__arm__core.a(fault_s.S.obj)
 .ARM.attributes
                0x000000000000044d       0x33 zephyr/arch/arm/core/libarch__arm__core.a(fatal.c.obj)
 .ARM.attributes
                0x0000000000000480       0x33 zephyr/arch/arm/core/libarch__arm__core.a(sys_fatal_error_handler.c.obj)
 .ARM.attributes
                0x00000000000004b3       0x33 zephyr/arch/arm/core/libarch__arm__core.a(thread_abort.c.obj)
 .ARM.attributes
                0x00000000000004e6       0x21 zephyr/arch/arm/core/libarch__arm__core.a(isr_wrapper.S.obj)
 .ARM.attributes
                0x0000000000000507       0x21 zephyr/arch/arm/core/cortex_m/libarch__arm__core__cortex_m.a(vector_table.S.obj)
 .ARM.attributes
                0x0000000000000528       0x21 zephyr/arch/arm/core/cortex_m/libarch__arm__core__cortex_m.a(reset.S.obj)
 .ARM.attributes
                0x0000000000000549       0x21 zephyr/arch/arm/core/cortex_m/libarch__arm__core__cortex_m.a(nmi_on_reset.S.obj)
 .ARM.attributes
                0x000000000000056a       0x33 zephyr/arch/arm/core/cortex_m/libarch__arm__core__cortex_m.a(prep_c.c.obj)
 .ARM.attributes
                0x000000000000059d       0x33 zephyr/arch/arm/core/cortex_m/libarch__arm__core__cortex_m.a(nmi.c.obj)
 .ARM.attributes
                0x00000000000005d0       0x33 zephyr/lib/libc/minimal/liblib__libc__minimal.a(string.c.obj)
 .ARM.attributes
                0x0000000000000603       0x33 zephyr/boards/boards/arm/cubestack_due/libboards__arm__cubestack_due.a(pinmux.c.obj)
 .ARM.attributes
                0x0000000000000636       0x33 zephyr/drivers/gpio/libdrivers__gpio.a(gpio_atmel_sam3.c.obj)
 .ARM.attributes
                0x0000000000000669       0x33 zephyr/drivers/serial/libdrivers__serial.a(uart_sam.c.obj)
 .ARM.attributes
                0x000000000000069c       0x33 zephyr/kernel/libkernel.a(device.c.obj)
 .ARM.attributes
                0x00000000000006cf       0x33 zephyr/kernel/libkernel.a(errno.c.obj)
 .ARM.attributes
                0x0000000000000702       0x33 zephyr/kernel/libkernel.a(idle.c.obj)
 .ARM.attributes
                0x0000000000000735       0x33 zephyr/kernel/libkernel.a(init.c.obj)
 .ARM.attributes
                0x0000000000000768       0x33 zephyr/kernel/libkernel.a(mempool.c.obj)
 .ARM.attributes
                0x000000000000079b       0x33 zephyr/kernel/libkernel.a(queue.c.obj)
 .ARM.attributes
                0x00000000000007ce       0x33 zephyr/kernel/libkernel.a(sched.c.obj)
 .ARM.attributes
                0x0000000000000801       0x33 zephyr/kernel/libkernel.a(sys_clock.c.obj)
 .ARM.attributes
                0x0000000000000834       0x33 zephyr/kernel/libkernel.a(thread.c.obj)
 .ARM.attributes
                0x0000000000000867       0x33 zephyr/CMakeFiles/offsets.dir/arch/arm/core/offsets/offsets.c.obj

.debug_loc      0x0000000000000000     0x7ab5
 .debug_loc     0x0000000000000000      0x236 libapp.a(main.c.obj)
 .debug_loc     0x0000000000000236       0x76 zephyr/libzephyr.a(soc.c.obj)
 .debug_loc     0x00000000000002ac       0xae zephyr/libzephyr.a(soc_pmc.c.obj)
 .debug_loc     0x000000000000035a      0x1ec zephyr/libzephyr.a(soc_gpio.c.obj)
 .debug_loc     0x0000000000000546       0x97 zephyr/libzephyr.a(thread_entry.c.obj)
 .debug_loc     0x00000000000005dd      0xb49 zephyr/libzephyr.a(mempool.c.obj)
 .debug_loc     0x0000000000001126      0xaea zephyr/libzephyr.a(printk.c.obj)
 .debug_loc     0x0000000000001c10       0xbf zephyr/libzephyr.a(uart_console.c.obj)
 .debug_loc     0x0000000000001ccf       0x63 zephyr/libzephyr.a(wdt_sam.c.obj)
 .debug_loc     0x0000000000001d32       0xce zephyr/libzephyr.a(cortex_m_systick.c.obj)
 .debug_loc     0x0000000000001e00       0x5e zephyr/arch/arm/core/libarch__arm__core.a(irq_init.c.obj)
 .debug_loc     0x0000000000001e5e       0x35 zephyr/arch/arm/core/libarch__arm__core.a(swap.c.obj)
 .debug_loc     0x0000000000001e93      0x32d zephyr/arch/arm/core/libarch__arm__core.a(fault.c.obj)
 .debug_loc     0x00000000000021c0      0x1bb zephyr/arch/arm/core/libarch__arm__core.a(irq_manage.c.obj)
 .debug_loc     0x000000000000237b      0x21e zephyr/arch/arm/core/libarch__arm__core.a(thread.c.obj)
 .debug_loc     0x0000000000002599      0x144 zephyr/arch/arm/core/libarch__arm__core.a(fatal.c.obj)
 .debug_loc     0x00000000000026dd       0x42 zephyr/arch/arm/core/libarch__arm__core.a(sys_fatal_error_handler.c.obj)
 .debug_loc     0x000000000000271f       0x55 zephyr/arch/arm/core/libarch__arm__core.a(thread_abort.c.obj)
 .debug_loc     0x0000000000002774      0x871 zephyr/lib/libc/minimal/liblib__libc__minimal.a(string.c.obj)
 .debug_loc     0x0000000000002fe5       0x47 zephyr/boards/boards/arm/cubestack_due/libboards__arm__cubestack_due.a(pinmux.c.obj)
 .debug_loc     0x000000000000302c      0xa56 zephyr/drivers/gpio/libdrivers__gpio.a(gpio_atmel_sam3.c.obj)
 .debug_loc     0x0000000000003a82      0x1b3 zephyr/drivers/serial/libdrivers__serial.a(uart_sam.c.obj)
 .debug_loc     0x0000000000003c35       0xf5 zephyr/kernel/libkernel.a(device.c.obj)
 .debug_loc     0x0000000000003d2a       0x63 zephyr/kernel/libkernel.a(idle.c.obj)
 .debug_loc     0x0000000000003d8d      0x295 zephyr/kernel/libkernel.a(init.c.obj)
 .debug_loc     0x0000000000004022      0x41f zephyr/kernel/libkernel.a(mempool.c.obj)
 .debug_loc     0x0000000000004441      0xb1c zephyr/kernel/libkernel.a(queue.c.obj)
 .debug_loc     0x0000000000004f5d     0x1a4f zephyr/kernel/libkernel.a(sched.c.obj)
 .debug_loc     0x00000000000069ac      0x4be zephyr/kernel/libkernel.a(sys_clock.c.obj)
 .debug_loc     0x0000000000006e6a      0xc4b zephyr/kernel/libkernel.a(thread.c.obj)

.debug_ranges   0x0000000000000000     0x1470
 .debug_ranges  0x0000000000000000       0x60 libapp.a(main.c.obj)
 .debug_ranges  0x0000000000000060       0x10 zephyr/libzephyr.a(soc.c.obj)
 .debug_ranges  0x0000000000000070       0x20 zephyr/libzephyr.a(soc_pmc.c.obj)
 .debug_ranges  0x0000000000000090       0x60 zephyr/libzephyr.a(soc_gpio.c.obj)
 .debug_ranges  0x00000000000000f0       0x10 zephyr/libzephyr.a(thread_entry.c.obj)
 .debug_ranges  0x0000000000000100      0x208 zephyr/libzephyr.a(mempool.c.obj)
 .debug_ranges  0x0000000000000308       0xf8 zephyr/libzephyr.a(printk.c.obj)
 .debug_ranges  0x0000000000000400       0x10 zephyr/libzephyr.a(configs.c.obj)
 .debug_ranges  0x0000000000000410       0x20 zephyr/libzephyr.a(uart_console.c.obj)
 .debug_ranges  0x0000000000000430       0x30 zephyr/libzephyr.a(wdt_sam.c.obj)
 .debug_ranges  0x0000000000000460       0x68 zephyr/libzephyr.a(cortex_m_systick.c.obj)
 .debug_ranges  0x00000000000004c8       0x28 zephyr/arch/arm/core/libarch__arm__core.a(irq_init.c.obj)
 .debug_ranges  0x00000000000004f0       0x10 zephyr/arch/arm/core/libarch__arm__core.a(swap.c.obj)
 .debug_ranges  0x0000000000000500       0x20 zephyr/arch/arm/core/libarch__arm__core.a(swap_helper.S.obj)
 .debug_ranges  0x0000000000000520       0xa0 zephyr/arch/arm/core/libarch__arm__core.a(fault.c.obj)
 .debug_ranges  0x00000000000005c0       0x30 zephyr/arch/arm/core/libarch__arm__core.a(irq_manage.c.obj)
 .debug_ranges  0x00000000000005f0       0x28 zephyr/arch/arm/core/libarch__arm__core.a(thread.c.obj)
 .debug_ranges  0x0000000000000618       0x28 zephyr/arch/arm/core/libarch__arm__core.a(cpu_idle.S.obj)
 .debug_ranges  0x0000000000000640       0x20 zephyr/arch/arm/core/libarch__arm__core.a(fatal.c.obj)
 .debug_ranges  0x0000000000000660       0x28 zephyr/arch/arm/core/libarch__arm__core.a(sys_fatal_error_handler.c.obj)
 .debug_ranges  0x0000000000000688       0x10 zephyr/arch/arm/core/libarch__arm__core.a(thread_abort.c.obj)
 .debug_ranges  0x0000000000000698       0x10 zephyr/arch/arm/core/cortex_m/libarch__arm__core__cortex_m.a(prep_c.c.obj)
 .debug_ranges  0x00000000000006a8       0x10 zephyr/arch/arm/core/cortex_m/libarch__arm__core__cortex_m.a(nmi.c.obj)
 .debug_ranges  0x00000000000006b8       0x90 zephyr/lib/libc/minimal/liblib__libc__minimal.a(string.c.obj)
 .debug_ranges  0x0000000000000748       0x30 zephyr/boards/boards/arm/cubestack_due/libboards__arm__cubestack_due.a(pinmux.c.obj)
 .debug_ranges  0x0000000000000778      0x100 zephyr/drivers/gpio/libdrivers__gpio.a(gpio_atmel_sam3.c.obj)
 .debug_ranges  0x0000000000000878       0x40 zephyr/drivers/serial/libdrivers__serial.a(uart_sam.c.obj)
 .debug_ranges  0x00000000000008b8       0x20 zephyr/kernel/libkernel.a(device.c.obj)
 .debug_ranges  0x00000000000008d8       0x10 zephyr/kernel/libkernel.a(errno.c.obj)
 .debug_ranges  0x00000000000008e8       0x18 zephyr/kernel/libkernel.a(idle.c.obj)
 .debug_ranges  0x0000000000000900      0x1c0 zephyr/kernel/libkernel.a(init.c.obj)
 .debug_ranges  0x0000000000000ac0       0x58 zephyr/kernel/libkernel.a(mempool.c.obj)
 .debug_ranges  0x0000000000000b18      0x1b0 zephyr/kernel/libkernel.a(queue.c.obj)
 .debug_ranges  0x0000000000000cc8      0x370 zephyr/kernel/libkernel.a(sched.c.obj)
 .debug_ranges  0x0000000000001038      0x1d0 zephyr/kernel/libkernel.a(sys_clock.c.obj)
 .debug_ranges  0x0000000000001208      0x258 zephyr/kernel/libkernel.a(thread.c.obj)
 .debug_ranges  0x0000000000001460       0x10 zephyr/CMakeFiles/offsets.dir/arch/arm/core/offsets/offsets.c.obj

.debug_frame    0x0000000000000000     0x1604
 .debug_frame   0x0000000000000000       0x84 libapp.a(main.c.obj)
 .debug_frame   0x0000000000000084       0x20 zephyr/libzephyr.a(soc.c.obj)
 .debug_frame   0x00000000000000a4       0x58 zephyr/libzephyr.a(soc_pmc.c.obj)
 .debug_frame   0x00000000000000fc       0x48 zephyr/libzephyr.a(soc_gpio.c.obj)
 .debug_frame   0x0000000000000144       0x28 zephyr/libzephyr.a(thread_entry.c.obj)
 .debug_frame   0x000000000000016c      0x130 zephyr/libzephyr.a(mempool.c.obj)
 .debug_frame   0x000000000000029c      0x188 zephyr/libzephyr.a(printk.c.obj)
 .debug_frame   0x0000000000000424       0x20 zephyr/libzephyr.a(configs.c.obj)
 .debug_frame   0x0000000000000444       0x54 zephyr/libzephyr.a(uart_console.c.obj)
 .debug_frame   0x0000000000000498       0x78 zephyr/libzephyr.a(wdt_sam.c.obj)
 .debug_frame   0x0000000000000510       0x60 zephyr/libzephyr.a(cortex_m_systick.c.obj)
 .debug_frame   0x0000000000000570       0x20 zephyr/arch/arm/core/libarch__arm__core.a(irq_init.c.obj)
 .debug_frame   0x0000000000000590       0x20 zephyr/arch/arm/core/libarch__arm__core.a(swap.c.obj)
 .debug_frame   0x00000000000005b0       0x98 zephyr/arch/arm/core/libarch__arm__core.a(fault.c.obj)
 .debug_frame   0x0000000000000648       0x68 zephyr/arch/arm/core/libarch__arm__core.a(irq_manage.c.obj)
 .debug_frame   0x00000000000006b0       0x30 zephyr/arch/arm/core/libarch__arm__core.a(thread.c.obj)
 .debug_frame   0x00000000000006e0       0x60 zephyr/arch/arm/core/libarch__arm__core.a(fatal.c.obj)
 .debug_frame   0x0000000000000740       0x2c zephyr/arch/arm/core/libarch__arm__core.a(sys_fatal_error_handler.c.obj)
 .debug_frame   0x000000000000076c       0x34 zephyr/arch/arm/core/libarch__arm__core.a(thread_abort.c.obj)
 .debug_frame   0x00000000000007a0       0x28 zephyr/arch/arm/core/cortex_m/libarch__arm__core__cortex_m.a(prep_c.c.obj)
 .debug_frame   0x00000000000007c8       0x2c zephyr/arch/arm/core/cortex_m/libarch__arm__core__cortex_m.a(nmi.c.obj)
 .debug_frame   0x00000000000007f4      0x154 zephyr/lib/libc/minimal/liblib__libc__minimal.a(string.c.obj)
 .debug_frame   0x0000000000000948       0x3c zephyr/boards/boards/arm/cubestack_due/libboards__arm__cubestack_due.a(pinmux.c.obj)
 .debug_frame   0x0000000000000984      0x148 zephyr/drivers/gpio/libdrivers__gpio.a(gpio_atmel_sam3.c.obj)
 .debug_frame   0x0000000000000acc       0x5c zephyr/drivers/serial/libdrivers__serial.a(uart_sam.c.obj)
 .debug_frame   0x0000000000000b28       0x68 zephyr/kernel/libkernel.a(device.c.obj)
 .debug_frame   0x0000000000000b90       0x20 zephyr/kernel/libkernel.a(errno.c.obj)
 .debug_frame   0x0000000000000bb0       0x38 zephyr/kernel/libkernel.a(idle.c.obj)
 .debug_frame   0x0000000000000be8       0x98 zephyr/kernel/libkernel.a(init.c.obj)
 .debug_frame   0x0000000000000c80      0x108 zephyr/kernel/libkernel.a(mempool.c.obj)
 .debug_frame   0x0000000000000d88      0x148 zephyr/kernel/libkernel.a(queue.c.obj)
 .debug_frame   0x0000000000000ed0      0x424 zephyr/kernel/libkernel.a(sched.c.obj)
 .debug_frame   0x00000000000012f4       0xb8 zephyr/kernel/libkernel.a(sys_clock.c.obj)
 .debug_frame   0x00000000000013ac      0x238 zephyr/kernel/libkernel.a(thread.c.obj)
 .debug_frame   0x00000000000015e4       0x20 zephyr/CMakeFiles/offsets.dir/arch/arm/core/offsets/offsets.c.obj